Component: ARM Compiler 5.06 update 7 (build 960) Tool: armlink [4d3601]

==============================================================================

Section Cross References

    startup_stm32f030xc.o(RESET) refers to startup_stm32f030xc.o(STACK) for __initial_sp
    startup_stm32f030xc.o(RESET) refers to startup_stm32f030xc.o(.text) for Reset_Handler
    startup_stm32f030xc.o(RESET) refers to stm32f0xx_mc_it.o(i.HardFault_Handler) for HardFault_Handler
    startup_stm32f030xc.o(RESET) refers to stm32f0xx_mc_it.o(i.SysTick_Handler) for SysTick_Handler
    startup_stm32f030xc.o(RESET) refers to stm32f0xx_mc_it.o(i.EXTI4_15_IRQHandler) for EXTI4_15_IRQHandler
    startup_stm32f030xc.o(RESET) refers to stm32f0xx_mc_it.o(i.DMA1_Channel1_IRQHandler) for DMA1_Channel1_IRQHandler
    startup_stm32f030xc.o(RESET) refers to stm32f0xx_mc_it.o(i.DMA1_Channel4_5_IRQHandler) for DMA1_Channel4_5_IRQHandler
    startup_stm32f030xc.o(RESET) refers to stm32f0xx_mc_it.o(i.TIM1_BRK_UP_TRG_COM_IRQHandler) for TIM1_BRK_UP_TRG_COM_IRQHandler
    startup_stm32f030xc.o(RESET) refers to stm32f0xx_mc_it.o(i.USART1_IRQHandler) for USART1_IRQHandler
    startup_stm32f030xc.o(.text) refers to system_stm32f0xx.o(i.SystemInit) for SystemInit
    startup_stm32f030xc.o(.text) refers to entry.o(.ARM.Collect$$$$00000000) for __main
    main.o(i.SystemClock_Config) refers to stm32f0xx_hal_rcc.o(i.HAL_RCC_OscConfig) for HAL_RCC_OscConfig
    main.o(i.SystemClock_Config) refers to stm32f0xx_hal_rcc.o(i.HAL_RCC_ClockConfig) for HAL_RCC_ClockConfig
    main.o(i.SystemClock_Config) refers to stm32f0xx_hal_rcc_ex.o(i.HAL_RCCEx_PeriphCLKConfig) for HAL_RCCEx_PeriphCLKConfig
    main.o(i.SystemClock_Config) refers to stm32f0xx_hal_rcc.o(i.HAL_RCC_EnableCSS) for HAL_RCC_EnableCSS
    main.o(i.main) refers to stm32f0xx_hal.o(i.HAL_Init) for HAL_Init
    main.o(i.main) refers to stm32f0xx_hal_rcc.o(i.HAL_RCC_OscConfig) for HAL_RCC_OscConfig
    main.o(i.main) refers to stm32f0xx_hal_rcc.o(i.HAL_RCC_ClockConfig) for HAL_RCC_ClockConfig
    main.o(i.main) refers to stm32f0xx_hal_rcc_ex.o(i.HAL_RCCEx_PeriphCLKConfig) for HAL_RCCEx_PeriphCLKConfig
    main.o(i.main) refers to stm32f0xx_hal_rcc.o(i.HAL_RCC_EnableCSS) for HAL_RCC_EnableCSS
    main.o(i.main) refers to stm32f0xx_hal_gpio.o(i.HAL_GPIO_Init) for HAL_GPIO_Init
    main.o(i.main) refers to stm32f0xx_hal_adc.o(i.HAL_ADC_Init) for HAL_ADC_Init
    main.o(i.main) refers to stm32f0xx_hal_adc.o(i.HAL_ADC_ConfigChannel) for HAL_ADC_ConfigChannel
    main.o(i.main) refers to stm32f0xx_hal_tim.o(i.HAL_TIM_PWM_Init) for HAL_TIM_PWM_Init
    main.o(i.main) refers to stm32f0xx_hal_tim_ex.o(i.HAL_TIMEx_MasterConfigSynchronization) for HAL_TIMEx_MasterConfigSynchronization
    main.o(i.main) refers to stm32f0xx_hal_tim.o(i.HAL_TIM_PWM_ConfigChannel) for HAL_TIM_PWM_ConfigChannel
    main.o(i.main) refers to stm32f0xx_hal_tim_ex.o(i.HAL_TIMEx_ConfigBreakDeadTime) for HAL_TIMEx_ConfigBreakDeadTime
    main.o(i.main) refers to stm32f0xx_hal_msp.o(i.HAL_TIM_MspPostInit) for HAL_TIM_MspPostInit
    main.o(i.main) refers to stm32f0xx_hal_uart.o(i.HAL_UART_Init) for HAL_UART_Init
    main.o(i.main) refers to motorcontrol.o(i.MX_MotorControl_Init) for MX_MotorControl_Init
    main.o(i.main) refers to stm32f0xx_hal_cortex.o(i.HAL_NVIC_SetPriority) for HAL_NVIC_SetPriority
    main.o(i.main) refers to stm32f0xx_hal_cortex.o(i.HAL_NVIC_EnableIRQ) for HAL_NVIC_EnableIRQ
    main.o(i.main) refers to main.o(.bss) for .bss
    motorcontrol.o(i.MX_MotorControl_Init) refers to stm32f0xx_hal_rcc.o(i.HAL_RCC_GetHCLKFreq) for HAL_RCC_GetHCLKFreq
    motorcontrol.o(i.MX_MotorControl_Init) refers to uidiv.o(.text) for __aeabi_uidivmod
    motorcontrol.o(i.MX_MotorControl_Init) refers to stm32f0xx_hal_cortex.o(i.HAL_SYSTICK_Config) for HAL_SYSTICK_Config
    motorcontrol.o(i.MX_MotorControl_Init) refers to mc_tasks.o(i.MCboot) for MCboot
    motorcontrol.o(i.MX_MotorControl_Init) refers to mc_tasks.o(i.mc_lock_pins) for mc_lock_pins
    motorcontrol.o(i.MX_MotorControl_Init) refers to ui_task.o(i.UI_TaskInit) for UI_TaskInit
    motorcontrol.o(i.MX_MotorControl_Init) refers to motorcontrol.o(.data) for .data
    motorcontrol.o(i.MX_MotorControl_Init) refers to motorcontrol.o(.constdata) for .constdata
    mc_api.o(i.MC_AcknowledgeFaultMotor1) refers to mc_interface.o(i.MCI_FaultAcknowledged) for MCI_FaultAcknowledged
    mc_api.o(i.MC_AcknowledgeFaultMotor1) refers to motorcontrol.o(.data) for pMCI
    mc_api.o(i.MC_Clear_IqdrefMotor1) refers to mc_interface.o(i.MCI_Clear_Iqdref) for MCI_Clear_Iqdref
    mc_api.o(i.MC_Clear_IqdrefMotor1) refers to motorcontrol.o(.data) for pMCI
    mc_api.o(i.MC_GetCommandStateMotor1) refers to mc_interface.o(i.MCI_IsCommandAcknowledged) for MCI_IsCommandAcknowledged
    mc_api.o(i.MC_GetCommandStateMotor1) refers to motorcontrol.o(.data) for pMCI
[...]
    i.UI_SelectMC                            0x080050c8   Section        0  user_interface.o(i.UI_SelectMC)
    i.UI_SerialCommunicationTimeOutStart     0x080050dc   Section        0  ui_task.o(i.UI_SerialCommunicationTimeOutStart)
    i.UI_SerialCommunicationTimeOutStop      0x080050e8   Section        0  ui_task.o(i.UI_SerialCommunicationTimeOutStop)
    i.UI_SetCurrentReferences                0x080050f4   Section        0  user_interface.o(i.UI_SetCurrentReferences)
    i.UI_SetReg                              0x0800510a   Section        0  user_interface.o(i.UI_SetReg)
    i.UI_SetRevupData                        0x0800534a   Section        0  user_interface.o(i.UI_SetRevupData)
    i.UI_TaskInit                            0x0800537c   Section        0  ui_task.o(i.UI_TaskInit)
    i.USART1_IRQHandler                      0x080053e0   Section        0  stm32f0xx_mc_it.o(i.USART1_IRQHandler)
    i.VBS_GetAvBusVoltage_V                  0x08005444   Section        0  bus_voltage_sensor.o(i.VBS_GetAvBusVoltage_V)
    i.VBS_GetAvBusVoltage_d                  0x0800544e   Section        0  bus_voltage_sensor.o(i.VBS_GetAvBusVoltage_d)
    i.VSS_CalcAvrgMecSpeedUnit               0x08005452   Section        0  virtual_speed_sensor.o(i.VSS_CalcAvrgMecSpeedUnit)
    i.VSS_CalcElAngle                        0x080054d6   Section        0  virtual_speed_sensor.o(i.VSS_CalcElAngle)
    i.VSS_Clear                              0x0800558a   Section        0  virtual_speed_sensor.o(i.VSS_Clear)
    i.VSS_Init                               0x080055d0   Section        0  virtual_speed_sensor.o(i.VSS_Init)
    i.VSS_SetMecAcceleration                 0x080055e2   Section        0  virtual_speed_sensor.o(i.VSS_SetMecAcceleration)
    i.VSS_SetMecAngle                        0x08005662   Section        0  virtual_speed_sensor.o(i.VSS_SetMecAngle)
    i.VSS_SetStartTransition                 0x08005678   Section        0  virtual_speed_sensor.o(i.VSS_SetStartTransition)
    i.VSS_TransitionEnded                    0x0800569c   Section        0  virtual_speed_sensor.o(i.VSS_TransitionEnded)
    i.__ARM_common_ll_muluu                  0x080056a2   Section        0  stm32f0xx_hal_rcc.o(i.__ARM_common_ll_muluu)
    i.__scatterload_copy                     0x080056d4   Section       14  handlers.o(i.__scatterload_copy)
    i.__scatterload_null                     0x080056e2   Section        2  handlers.o(i.__scatterload_null)
    i.__scatterload_zeroinit                 0x080056e4   Section       14  handlers.o(i.__scatterload_zeroinit)
    i.getScalingFactor                       0x080056f2   Section        0  ramp_ext_mngr.o(i.getScalingFactor)
    i.main                                   0x0800571c   Section        0  main.o(i.main)
    i.mc_lock_pins                           0x08005a0c   Section        0  mc_tasks.o(i.mc_lock_pins)
    i.waitForPolarizationEnd                 0x08005ad4   Section        0  pwm_common.o(i.waitForPolarizationEnd)
    .constdata                               0x08005b28   Section       32  motorcontrol.o(.constdata)
    .constdata                               0x08005b48   Section        2  mc_tasks.o(.constdata)
    .constdata                               0x08005b4a   Section      512  mc_math.o(.constdata)
    .constdata                               0x08005d4c   Section      116  mc_parameters.o(.constdata)
    .constdata                               0x08005dc0   Section       16  system_stm32f0xx.o(.constdata)
    .constdata                               0x08005dd0   Section        8  system_stm32f0xx.o(.constdata)
    .constdata                               0x08005dd8   Section       19  r3_f0xx_pwm_curr_fdbk.o(.constdata)
    CHANNEL_OFFSET_TAB                       0x08005dd8   Data           5  r3_f0xx_pwm_curr_fdbk.o(.constdata)
    OFFSET_TAB_CCMRx                         0x08005ddd   Data           7  r3_f0xx_pwm_curr_fdbk.o(.constdata)
    SHIFT_TAB_OCxx                           0x08005de4   Data           7  r3_f0xx_pwm_curr_fdbk.o(.constdata)
    .constdata                               0x08005dec   Section        6  usart_frame_communication_protocol.o(.constdata)
    UFCP_Usart_Timeout_none                  0x08005dec   Data           2  usart_frame_communication_protocol.o(.constdata)
    UFCP_Usart_Timeout_start                 0x08005dee   Data           2  usart_frame_communication_protocol.o(.constdata)
    UFCP_Usart_Timeout_stop                  0x08005df0   Data           2  usart_frame_communication_protocol.o(.constdata)
    .data                                    0x20000000   Section       12  motorcontrol.o(.data)
    .data                                    0x2000000c   Section        8  motor_control_protocol.o(.data)
    .data                                    0x20000014   Section      276  mc_config.o(.data)
    .data                                    0x20000128   Section       44  mc_config.o(.data)
    .data                                    0x20000154   Section       44  mc_config.o(.data)
    .data                                    0x20000180   Section       44  mc_config.o(.data)
    .data                                    0x200001ac   Section       52  mc_config.o(.data)
    .data                                    0x200001e0   Section      120  mc_config.o(.data)
    .data                                    0x20000258   Section      124  mc_config.o(.data)
    .data                                    0x200002d4   Section      120  mc_config.o(.data)
    .data                                    0x2000034c   Section      296  mc_config.o(.data)
    .data                                    0x20000474   Section       20  mc_config.o(.data)
    .data                                    0x20000488   Section       40  mc_config.o(.data)
    .data                                    0x200004b0   Section       40  mc_config.o(.data)
    .data                                    0x200004d8   Section       88  mc_config.o(.data)
    .data                                    0x20000530   Section      180  mc_config.o(.data)
    .data                                    0x200005e4   Section      316  mc_config.o(.data)
    .data                                    0x20000720   Section       58  mc_tasks.o(.data)
    hMFTaskCounterM1                         0x20000722   Data           2  mc_tasks.o(.data)
    hBootCapDelayCounterM1                   0x20000724   Data           2  mc_tasks.o(.data)
    hStopPermanencyCounterM1                 0x20000726   Data           2  mc_tasks.o(.data)
    .data                                    0x2000075a   Section        6  regular_conversion_manager.o(.data)
    .data                                    0x20000760   Section        1  stm32f0xx_mc_it.o(.data)
    SystickDividerCounter                    0x20000760   Data           1  stm32f0xx_mc_it.o(.data)
    .data                                    0x20000764   Section       12  ui_task.o(.data)
    bCOMATRTimeCounter                       0x20000764   Data           2  ui_task.o(.data)
    bUITaskCounter                           0x20000766   Data           2  ui_task.o(.data)
    bCOMTimeoutCounter                       0x20000768   Data           2  ui_task.o(.data)
    .data                                    0x20000770   Section       12  stm32f0xx_hal.o(.data)
    .data                                    0x2000077c   Section        4  system_stm32f0xx.o(.data)
    .bss                                     0x20000780   Section      256  main.o(.bss)
    .bss                                     0x20000880   Section       68  main.o(.bss)
    .bss                                     0x200008c4   Section       24  mc_config.o(.bss)
    .bss                                     0x200008dc   Section       20  mc_config.o(.bss)
    .bss                                     0x200008f0   Section      152  mc_tasks.o(.bss)
    .bss                                     0x20000988   Section       72  regular_conversion_manager.o(.bss)
    .bss                                     0x200009d0   Section      176  ui_task.o(.bss)
    STACK                                    0x20000a80   Section     1024  startup_stm32f030xc.o(STACK)

    Global Symbols

    Symbol Name                              Value     Ov Type        Size  Object(Section)

    BuildAttributes$$THM_ISAv3M$S$PE$A:L22$X:L11$S22$IEEE1$IW$USESV6$~STKCKD$USESV7$~SHL$OTIME$EBA8$MICROLIB$REQ8$PRES8$EABIv2 0x00000000   Number         0  anon$$obj.o ABSOLUTE
    __ARM_use_no_argv                        0x00000000   Number         0  main.o ABSOLUTE
    __arm_fini_                               - Undefined Weak Reference
    __cpp_initialize__aeabi_                  - Undefined Weak Reference
    __cxa_finalize                            - Undefined Weak Reference
    _clock_init                               - Undefined Weak Reference
    _microlib_exit                            - Undefined Weak Reference
    __Vectors_Size                           0x000000b8   Number         0  startup_stm32f030xc.o ABSOLUTE
    __Vectors                                0x08000000   Data           4  startup_stm32f030xc.o(RESET)
    __Vectors_End                            0x080000b8   Data           0  startup_stm32f030xc.o(RESET)
    __main                                   0x080000b9   Thumb Code     0  entry.o(.ARM.Collect$$$$00000000)
    _main_stk                                0x080000b9   Thumb Code     0  entry2.o(.ARM.Collect$$$$00000001)
    _main_scatterload                        0x080000bd   Thumb Code     0  entry5.o(.ARM.Collect$$$$00000004)
    __main_after_scatterload                 0x080000c1   Thumb Code     0  entry5.o(.ARM.Collect$$$$00000004)
    _main_clock                              0x080000c1   Thumb Code     0  entry7b.o(.ARM.Collect$$$$00000008)
    _main_cpp_init                           0x080000c1   Thumb Code     0  entry8b.o(.ARM.Collect$$$$0000000A)
    _main_init                               0x080000c1   Thumb Code     0  entry9a.o(.ARM.Collect$$$$0000000B)
    __rt_lib_shutdown_fini                   0x080000c9   Thumb Code     0  entry12b.o(.ARM.Collect$$$$0000000E)
    __rt_final_cpp                           0x080000cd   Thumb Code     0  entry10a.o(.ARM.Collect$$$$0000000F)
    __rt_final_exit                          0x080000cd   Thumb Code     0  entry11a.o(.ARM.Collect$$$$00000011)
    Reset_Handler                            0x080000d1   Thumb Code     8  startup_stm32f030xc.o(.text)
    NMI_Handler                              0x080000d9   Thumb Code     2  startup_stm32f030xc.o(.text)
    SVC_Handler                              0x080000dd   Thumb Code     2  startup_stm32f030xc.o(.text)
    PendSV_Handler                           0x080000df   Thumb Code     2  startup_stm32f030xc.o(.text)
    ADC1_IRQHandler                          0x080000e3   Thumb Code     0  startup_stm32f030xc.o(.text)
    DMA1_Channel2_3_IRQHandler               0x080000e3   Thumb Code     0  startup_stm32f030xc.o(.text)
    EXTI0_1_IRQHandler                       0x080000e3   Thumb Code     0  startup_stm32f030xc.o(.text)
    EXTI2_3_IRQHandler                       0x080000e3   Thumb Code     0  startup_stm32f030xc.o(.text)
    FLASH_IRQHandler                         0x080000e3   Thumb Code     0  startup_stm32f030xc.o(.text)
    I2C1_IRQHandler                          0x080000e3   Thumb Code     0  startup_stm32f030xc.o(.text)
    I2C2_IRQHandler                          0x080000e3   Thumb Code     0  startup_stm32f030xc.o(.text)
    RCC_IRQHandler                           0x080000e3   Thumb Code     0  startup_stm32f030xc.o(.text)
    RTC_IRQHandler                           0x080000e3   Thumb Code     0  startup_stm32f030xc.o(.text)
    SPI1_IRQHandler                          0x080000e3   Thumb Code     0  startup_stm32f030xc.o(.text)
    SPI2_IRQHandler                          0x080000e3   Thumb Code     0  startup_stm32f030xc.o(.text)
    TIM14_IRQHandler                         0x080000e3   Thumb Code     0  startup_stm32f030xc.o(.text)
    TIM15_IRQHandler                         0x080000e3   Thumb Code     0  startup_stm32f030xc.o(.text)
    TIM16_IRQHandler                         0x080000e3   Thumb Code     0  startup_stm32f030xc.o(.text)
    TIM17_IRQHandler                         0x080000e3   Thumb Code     0  startup_stm32f030xc.o(.text)
    TIM1_CC_IRQHandler                       0x080000e3   Thumb Code     0  startup_stm32f030xc.o(.text)
    TIM3_IRQHandler                          0x080000e3   Thumb Code     0  startup_stm32f030xc.o(.text)
    TIM6_IRQHandler                          0x080000e3   Thumb Code     0  startup_stm32f030xc.o(.text)
    TIM7_IRQHandler                          0x080000e3   Thumb Code     0  startup_stm32f030xc.o(.text)
    USART2_IRQHandler                        0x080000e3   Thumb Code     0  startup_stm32f030xc.o(.text)
    USART3_6_IRQHandler                      0x080000e3   Thumb Code     0  startup_stm32f030xc.o(.text)
    WWDG_IRQHandler                          0x080000e3   Thumb Code     0  startup_stm32f030xc.o(.text)
    __aeabi_uidiv                            0x080000ed   Thumb Code     0  uidiv.o(.text)
    __aeabi_uidivmod                         0x080000ed   Thumb Code    44  uidiv.o(.text)
    __aeabi_idiv                             0x08000119   Thumb Code     0  idiv.o(.text)
    __aeabi_idivmod                          0x08000119   Thumb Code    40  idiv.o(.text)
    __aeabi_uldivmod                         0x08000141   Thumb Code    96  uldiv.o(.text)
    __aeabi_llsr                             0x080001a1   Thumb Code    34  llushr.o(.text)
    _ll_ushift_r                             0x080001a1   Thumb Code     0  llushr.o(.text)
    __aeabi_llsl                             0x080001c3   Thumb Code    32  llshl.o(.text)
    _ll_shift_l                              0x080001c3   Thumb Code     0  llshl.o(.text)
    __scatterload                            0x080001e5   Thumb Code    28  init.o(.text)
    __scatterload_rt2                        0x080001e5   Thumb Code     0  init.o(.text)
    __decompress                             0x08000209   Thumb Code     0  __dczerorl2.o(.text)
    __decompress1                            0x08000209   Thumb Code    86  __dczerorl2.o(.text)
    Circle_Limitation                        0x0800025f   Thumb Code    76  circle_limitation.o(i.Circle_Limitation)
    DMA1_Channel1_IRQHandler                 0x080002ad   Thumb Code    14  stm32f0xx_mc_it.o(i.DMA1_Channel1_IRQHandler)
    DMA1_Channel4_5_IRQHandler               0x080002c1   Thumb Code    18  stm32f0xx_mc_it.o(i.DMA1_Channel4_5_IRQHandler)
    EXTI4_15_IRQHandler                      0x080002d9   Thumb Code    24  stm32f0xx_mc_it.o(i.EXTI4_15_IRQHandler)
    Error_Handler                            0x080002f5   Thumb Code     4  main.o(i.Error_Handler)
    F0XX_BRK_IRQHandler                      0x080002f9   Thumb Code    42  r3_f0xx_pwm_curr_fdbk.o(i.F0XX_BRK_IRQHandler)
    FCP_CalcCRC                              0x08000323   Thumb Code    48  frame_communication_protocol.o(i.FCP_CalcCRC)
    FCP_Init                                 0x08000353   Thumb Code    34  frame_communication_protocol.o(i.FCP_Init)
    FCP_SetClient                            0x08000375   Thumb Code    16  frame_communication_protocol.o(i.FCP_SetClient)
    FD_FastDiv                               0x08000385   Thumb Code   290  fast_div.o(i.FD_FastDiv)
    FD_Init                                  0x080004a7   Thumb Code    28  fast_div.o(i.FD_Init)
    FOC_CalcCurrRef                          0x080004c5   Thumb Code    34  mc_tasks.o(i.FOC_CalcCurrRef)
    FOC_Clear                                0x080004f1   Thumb Code    78  mc_tasks.o(i.FOC_Clear)
    FOC_InitAdditionalMethods                0x08000555   Thumb Code     2  mc_tasks.o(i.FOC_InitAdditionalMethods)
    HAL_ADC_ConfigChannel                    0x08000559   Thumb Code   318  stm32f0xx_hal_adc.o(i.HAL_ADC_ConfigChannel)
    HAL_ADC_Init                             0x080006ad   Thumb Code   366  stm32f0xx_hal_adc.o(i.HAL_ADC_Init)
    HAL_ADC_MspInit                          0x08000825   Thumb Code   144  stm32f0xx_hal_msp.o(i.HAL_ADC_MspInit)
    HAL_DMA_Init                             0x080008c9   Thumb Code    92  stm32f0xx_hal_dma.o(i.HAL_DMA_Init)
    HAL_GPIO_Init                            0x08000931   Thumb Code   318  stm32f0xx_hal_gpio.o(i.HAL_GPIO_Init)
    HAL_GetTick                              0x08000a89   Thumb Code     6  stm32f0xx_hal.o(i.HAL_GetTick)
    HAL_IncTick                              0x08000a95   Thumb Code    12  stm32f0xx_hal.o(i.HAL_IncTick)
    HAL_Init                                 0x08000aa5   Thumb Code    26  stm32f0xx_hal.o(i.HAL_Init)
    HAL_InitTick                             0x08000ac5   Thumb Code    58  stm32f0xx_hal.o(i.HAL_InitTick)
    HAL_MspInit                              0x08000b09   Thumb Code    36  stm32f0xx_hal_msp.o(i.HAL_MspInit)
    HAL_NVIC_EnableIRQ                       0x08000b31   Thumb Code    18  stm32f0xx_hal_cortex.o(i.HAL_NVIC_EnableIRQ)
    HAL_NVIC_SetPriority                     0x08000b49   Thumb Code    60  stm32f0xx_hal_cortex.o(i.HAL_NVIC_SetPriority)
    HAL_RCCEx_PeriphCLKConfig                0x08000b8d   Thumb Code   238  stm32f0xx_hal_rcc_ex.o(i.HAL_RCCEx_PeriphCLKConfig)
    HAL_RCC_ClockConfig                      0x08000c89   Thumb Code   264  stm32f0xx_hal_rcc.o(i.HAL_RCC_ClockConfig)
    HAL_RCC_EnableCSS                        0x08000da5   Thumb Code    14  stm32f0xx_hal_rcc.o(i.HAL_RCC_EnableCSS)
    HAL_RCC_GetHCLKFreq                      0x08000db9   Thumb Code     6  stm32f0xx_hal_rcc.o(i.HAL_RCC_GetHCLKFreq)
    HAL_RCC_GetPCLK1Freq                     0x08000dc5   Thumb Code    20  stm32f0xx_hal_rcc.o(i.HAL_RCC_GetPCLK1Freq)
    HAL_RCC_GetSysClockFreq                  0x08000de5   Thumb Code    78  stm32f0xx_hal_rcc.o(i.HAL_RCC_GetSysClockFreq)
    HAL_RCC_OscConfig                        0x08000e5d   Thumb Code   982  stm32f0xx_hal_rcc.o(i.HAL_RCC_OscConfig)
    HAL_SYSTICK_Callback                     0x08001241   Thumb Code     2  stm32f0xx_hal_cortex.o(i.HAL_SYSTICK_Callback)
    HAL_SYSTICK_Config                       0x08001245   Thumb Code    46  stm32f0xx_hal_cortex.o(i.HAL_SYSTICK_Config)
    HAL_SYSTICK_IRQHandler                   0x08001281   Thumb Code     8  stm32f0xx_hal_cortex.o(i.HAL_SYSTICK_IRQHandler)
    HAL_TIMEx_ConfigBreakDeadTime            0x08001289   Thumb Code    94  stm32f0xx_hal_tim_ex.o(i.HAL_TIMEx_ConfigBreakDeadTime)
    HAL_TIMEx_MasterConfigSynchronization    0x080012e9   Thumb Code    80  stm32f0xx_hal_tim_ex.o(i.HAL_TIMEx_MasterConfigSynchronization)
    HAL_TIM_MspPostInit                      0x08001345   Thumb Code   110  stm32f0xx_hal_msp.o(i.HAL_TIM_MspPostInit)
    HAL_TIM_PWM_ConfigChannel                0x080013c1   Thumb Code   406  stm32f0xx_hal_tim.o(i.HAL_TIM_PWM_ConfigChannel)
    HAL_TIM_PWM_Init                         0x08001569   Thumb Code    50  stm32f0xx_hal_tim.o(i.HAL_TIM_PWM_Init)
    HAL_TIM_PWM_MspInit                      0x0800159d   Thumb Code    82  stm32f0xx_hal_msp.o(i.HAL_TIM_PWM_MspInit)
    HAL_UART_Init                            0x080015f9   Thumb Code   106  stm32f0xx_hal_uart.o(i.HAL_UART_Init)
    HAL_UART_MspInit                         0x08001665   Thumb Code    76  stm32f0xx_hal_msp.o(i.HAL_UART_MspInit)
    HardFault_Handler                        0x080016bd   Thumb Code    90  stm32f0xx_mc_it.o(i.HardFault_Handler)
    MCI_Clear_Iqdref                         0x08001721   Thumb Code    20  mc_interface.o(i.MCI_Clear_Iqdref)
    MCI_EncoderAlign                         0x08001735   Thumb Code    12  mc_interface.o(i.MCI_EncoderAlign)
    MCI_ExecBufferedCommands                 0x08001741   Thumb Code   122  mc_interface.o(i.MCI_ExecBufferedCommands)
    MCI_ExecSpeedRamp                        0x080017bb   Thumb Code    14  mc_interface.o(i.MCI_ExecSpeedRamp)
    MCI_ExecTorqueRamp                       0x080017c9   Thumb Code    18  mc_interface.o(i.MCI_ExecTorqueRamp)
    MCI_FaultAcknowledged                    0x080017db   Thumb Code    10  mc_interface.o(i.MCI_FaultAcknowledged)
    MCI_GetAvrgMecSpeedUnit                  0x080017e5   Thumb Code    14  mc_interface.o(i.MCI_GetAvrgMecSpeedUnit)
    MCI_GetControlMode                       0x080017f3   Thumb Code     4  mc_interface.o(i.MCI_GetControlMode)
    MCI_GetIab                               0x080017f7   Thumb Code    16  mc_interface.o(i.MCI_GetIab)
    MCI_GetIalphabeta                        0x08001807   Thumb Code    16  mc_interface.o(i.MCI_GetIalphabeta)
    MCI_GetImposedMotorDirection             0x08001817   Thumb Code    52  mc_interface.o(i.MCI_GetImposedMotorDirection)
    MCI_GetIqd                               0x0800184b   Thumb Code    16  mc_interface.o(i.MCI_GetIqd)
    MCI_GetIqdref                            0x0800185b   Thumb Code    16  mc_interface.o(i.MCI_GetIqdref)
    MCI_GetLastRampFinalSpeed                0x0800186b   Thumb Code    16  mc_interface.o(i.MCI_GetLastRampFinalSpeed)
    MCI_GetMecSpeedRefUnit                   0x0800187b   Thumb Code    10  mc_interface.o(i.MCI_GetMecSpeedRefUnit)
    MCI_GetSTMState                          0x08001885   Thumb Code    10  mc_interface.o(i.MCI_GetSTMState)
    MCI_GetTeref                             0x0800188f   Thumb Code     8  mc_interface.o(i.MCI_GetTeref)
    MCI_GetValphabeta                        0x08001897   Thumb Code    16  mc_interface.o(i.MCI_GetValphabeta)
    MCI_GetVqd                               0x080018a7   Thumb Code    16  mc_interface.o(i.MCI_GetVqd)
    MCI_Init                                 0x080018b7   Thumb Code    20  mc_interface.o(i.MCI_Init)
    MCI_SetCurrentReferences                 0x080018cb   Thumb Code    20  mc_interface.o(i.MCI_SetCurrentReferences)
    MCI_SetIdref                             0x080018df   Thumb Code    10  mc_interface.o(i.MCI_SetIdref)
    MCI_StartMotor                           0x080018e9   Thumb Code    22  mc_interface.o(i.MCI_StartMotor)
    MCI_StopMotor                            0x080018ff   Thumb Code    12  mc_interface.o(i.MCI_StopMotor)
    MCI_StopRamp                             0x0800190b   Thumb Code    10  mc_interface.o(i.MCI_StopRamp)
    MCM_Clarke                               0x08001915   Thumb Code    62  mc_math.o(i.MCM_Clarke)
    MCM_Park                                 0x08001961   Thumb Code   112  mc_math.o(i.MCM_Park)
    MCM_Rev_Park                             0x080019e1   Thumb Code    48  mc_math.o(i.MCM_Rev_Park)
    MCM_Trig_Functions                       0x08001a11   Thumb Code   156  mc_math.o(i.MCM_Trig_Functions)
    MCP_Init                                 0x08001ab1   Thumb Code    54  motor_control_protocol.o(i.MCP_Init)
    MCP_OnTimeOut                            0x08001af5   Thumb Code     8  motor_control_protocol.o(i.MCP_OnTimeOut)
    MCP_ReceivedFrame                        0x08001afd   Thumb Code  1660  motor_control_protocol.o(i.MCP_ReceivedFrame)
    MCP_SentFrame                            0x0800217d   Thumb Code     8  motor_control_protocol.o(i.MCP_SentFrame)
    MCP_WaitNextFrame                        0x08002185   Thumb Code    24  motor_control_protocol.o(i.MCP_WaitNextFrame)
    MC_GetSTMStateMotor1                     0x0800219d   Thumb Code    12  mc_api.o(i.MC_GetSTMStateMotor1)
    MC_RunMotorControlTasks                  0x080021ad   Thumb Code    26  mc_tasks.o(i.MC_RunMotorControlTasks)
    MC_Scheduler                             0x080021cd   Thumb Code    56  mc_tasks.o(i.MC_Scheduler)
    MC_StartMotor1                           0x08002209   Thumb Code    12  mc_api.o(i.MC_StartMotor1)
    MC_StopMotor1                            0x08002219   Thumb Code    12  mc_api.o(i.MC_StopMotor1)
    MCboot                                   0x08002229   Thumb Code   332  mc_tasks.o(i.MCboot)
    MPM_CalcElMotorPower                     0x080023ed   Thumb Code    64  motor_power_measurement.o(i.MPM_CalcElMotorPower)
    MPM_Clear                                0x0800242d   Thumb Code    26  motor_power_measurement.o(i.MPM_Clear)
    MPM_GetAvrgElMotorPowerW                 0x08002447   Thumb Code     8  motor_power_measurement.o(i.MPM_GetAvrgElMotorPowerW)
    MX_MotorControl_Init                     0x08002451   Thumb Code    48  motorcontrol.o(i.MX_MotorControl_Init)
    NTC_CalcAvTemp                           0x08002491   Thumb Code    60  ntc_temperature_sensor.o(i.NTC_CalcAvTemp)
    NTC_Clear                                0x080024d1   Thumb Code     6  ntc_temperature_sensor.o(i.NTC_Clear)
    NTC_GetAvTemp_C                          0x080024d7   Thumb Code    38  ntc_temperature_sensor.o(i.NTC_GetAvTemp_C)
    NTC_Init                                 0x080024fd   Thumb Code    38  ntc_temperature_sensor.o(i.NTC_Init)
    NTC_SetFaultState                        0x08002523   Thumb Code    26  ntc_temperature_sensor.o(i.NTC_SetFaultState)
    PID_GetKD                                0x0800253d   Thumb Code     8  pid_regulator.o(i.PID_GetKD)
    PID_GetKI                                0x08002545   Thumb Code     8  pid_regulator.o(i.PID_GetKI)
    PID_GetKIDivisor                         0x0800254d   Thumb Code     4  pid_regulator.o(i.PID_GetKIDivisor)
    PID_GetKP                                0x08002551   Thumb Code     8  pid_regulator.o(i.PID_GetKP)
    PID_GetKPDivisor                         0x08002559   Thumb Code     4  pid_regulator.o(i.PID_GetKPDivisor)
    PID_HandleInit                           0x0800255d   Thumb Code    20  pid_regulator.o(i.PID_HandleInit)
    PID_SetIntegralTerm                      0x08002571   Thumb Code     4  pid_regulator.o(i.PID_SetIntegralTerm)
    PID_SetKD                                0x08002575   Thumb Code     4  pid_regulator.o(i.PID_SetKD)
    PID_SetKI                                0x08002579   Thumb Code     4  pid_regulator.o(i.PID_SetKI)
    PID_SetKP                                0x0800257d   Thumb Code     4  pid_regulator.o(i.PID_SetKP)
    PI_Controller                            0x08002581   Thumb Code   122  pid_regulator.o(i.PI_Controller)
    PQD_CalcElMotorPower                     0x08002605   Thumb Code   104  pqd_motor_power_measurement.o(i.PQD_CalcElMotorPower)
    PWMC_CheckOverCurrent                    0x0800266d   Thumb Code     4  pwm_curr_fdbk.o(i.PWMC_CheckOverCurrent)
    PWMC_CurrentReadingCalibr                0x08002671   Thumb Code    68  pwm_curr_fdbk.o(i.PWMC_CurrentReadingCalibr)
    PWMC_GetPhaseCurrents                    0x080026b5   Thumb Code     4  pwm_curr_fdbk.o(i.PWMC_GetPhaseCurrents)
    PWMC_SetPhaseVoltage                     0x080026b9   Thumb Code   398  pwm_curr_fdbk.o(i.PWMC_SetPhaseVoltage)
    PWMC_SwitchOffPWM                        0x08002847   Thumb Code     4  pwm_curr_fdbk.o(i.PWMC_SwitchOffPWM)
    R3_1_CurrentReadingCalibration           0x0800284d   Thumb Code   290  r3_f0xx_pwm_curr_fdbk.o(i.R3_1_CurrentReadingCalibration)
    R3_1_GetPhaseCurrents                    0x08002999   Thumb Code   234  r3_f0xx_pwm_curr_fdbk.o(i.R3_1_GetPhaseCurrents)
    R3_1_HFCurrentsCalibrationAB             0x08002a91   Thumb Code    72  r3_f0xx_pwm_curr_fdbk.o(i.R3_1_HFCurrentsCalibrationAB)
    R3_1_HFCurrentsCalibrationC              0x08002add   Thumb Code    60  r3_f0xx_pwm_curr_fdbk.o(i.R3_1_HFCurrentsCalibrationC)
    R3_1_Init                                0x08002b1d   Thumb Code   240  r3_f0xx_pwm_curr_fdbk.o(i.R3_1_Init)
    R3_1_IsOverCurrentOccurred               0x08002c39   Thumb Code    32  r3_f0xx_pwm_curr_fdbk.o(i.R3_1_IsOverCurrentOccurred)
    R3_1_SetADCSampPointCalibration          0x08002c59   Thumb Code    30  r3_f0xx_pwm_curr_fdbk.o(i.R3_1_SetADCSampPointCalibration)
    R3_1_SetADCSampPointSectX                0x08002c77   Thumb Code    86  r3_f0xx_pwm_curr_fdbk.o(i.R3_1_SetADCSampPointSectX)
    R3_1_SwitchOffPWM                        0x08002ccd   Thumb Code   140  r3_f0xx_pwm_curr_fdbk.o(i.R3_1_SwitchOffPWM)
    R3_1_SwitchOnPWM                         0x08002d6d   Thumb Code   234  r3_f0xx_pwm_curr_fdbk.o(i.R3_1_SwitchOnPWM)
    R3_1_TIMx_UP_IRQHandler                  0x08002e6d   Thumb Code   118  r3_f0xx_pwm_curr_fdbk.o(i.R3_1_TIMx_UP_IRQHandler)
    R3_1_TurnOnLowSides                      0x08002ef1   Thumb Code    72  r3_f0xx_pwm_curr_fdbk.o(i.R3_1_TurnOnLowSides)
    R3_1_WriteTIMRegisters                   0x08002f3d   Thumb Code    44  r3_f0xx_pwm_curr_fdbk.o(i.R3_1_WriteTIMRegisters)
    RCM_ExecNextConv                         0x08002f69   Thumb Code   120  regular_conversion_manager.o(i.RCM_ExecNextConv)
    RCM_ExecRegularConv                      0x08002ff5   Thumb Code   282  regular_conversion_manager.o(i.RCM_ExecRegularConv)
    RCM_ExecUserConv                         0x08003125   Thumb Code    50  regular_conversion_manager.o(i.RCM_ExecUserConv)
    RCM_ReadOngoingConv                      0x08003161   Thumb Code    58  regular_conversion_manager.o(i.RCM_ReadOngoingConv)
    RCM_RegisterRegConv                      0x080031a9   Thumb Code   128  regular_conversion_manager.o(i.RCM_RegisterRegConv)
    REMNG_Calc                               0x08003239   Thumb Code    42  ramp_ext_mngr.o(i.REMNG_Calc)
    REMNG_ExecRamp                           0x08003263   Thumb Code   142  ramp_ext_mngr.o(i.REMNG_ExecRamp)
    REMNG_Init                               0x080032f1   Thumb Code    24  ramp_ext_mngr.o(i.REMNG_Init)
    REMNG_RampCompleted                      0x08003309   Thumb Code    14  ramp_ext_mngr.o(i.REMNG_RampCompleted)
    RUC_Clear                                0x08003317   Thumb Code   130  revup_ctrl.o(i.RUC_Clear)
    RUC_Exec                                 0x08003399   Thumb Code   102  revup_ctrl.o(i.RUC_Exec)
    RUC_FirstAccelerationStageReached        0x080033ff   Thumb Code    18  revup_ctrl.o(i.RUC_FirstAccelerationStageReached)
    RUC_GetNumberOfPhases                    0x08003411   Thumb Code     6  revup_ctrl.o(i.RUC_GetNumberOfPhases)
    RUC_GetPhaseDurationms                   0x08003417   Thumb Code    10  revup_ctrl.o(i.RUC_GetPhaseDurationms)
    RUC_GetPhaseFinalMecSpeedUnit            0x08003421   Thumb Code    12  revup_ctrl.o(i.RUC_GetPhaseFinalMecSpeedUnit)
    RUC_GetPhaseFinalTorque                  0x0800342d   Thumb Code    12  revup_ctrl.o(i.RUC_GetPhaseFinalTorque)
    RUC_Init                                 0x08003439   Thumb Code    72  revup_ctrl.o(i.RUC_Init)
    RUC_SetPhaseDurationms                   0x08003481   Thumb Code    10  revup_ctrl.o(i.RUC_SetPhaseDurationms)
    RUC_SetPhaseFinalMecSpeedUnit            0x0800348b   Thumb Code    10  revup_ctrl.o(i.RUC_SetPhaseFinalMecSpeedUnit)
    RUC_SetPhaseFinalTorque                  0x08003495   Thumb Code    10  revup_ctrl.o(i.RUC_SetPhaseFinalTorque)
    RVBS_CalcAvVbus                          0x080034a1   Thumb Code    94  r_divider_bus_voltage_sensor.o(i.RVBS_CalcAvVbus)
    RVBS_CheckFaultState                     0x08003505   Thumb Code    26  r_divider_bus_voltage_sensor.o(i.RVBS_CheckFaultState)
    RVBS_Clear                               0x0800351f   Thumb Code    48  r_divider_bus_voltage_sensor.o(i.RVBS_Clear)
    RVBS_Init                                0x0800354f   Thumb Code    22  r_divider_bus_voltage_sensor.o(i.RVBS_Init)
    SPD_GetAvrgMecSpeedUnit                  0x08003565   Thumb Code     8  speed_pos_fdbk.o(i.SPD_GetAvrgMecSpeedUnit)
    SPD_GetElAngle                           0x0800356d   Thumb Code     8  speed_pos_fdbk.o(i.SPD_GetElAngle)
    SPD_GetInstElSpeedDpp                    0x08003575   Thumb Code     8  speed_pos_fdbk.o(i.SPD_GetInstElSpeedDpp)
    SPD_GetS16Speed                          0x0800357d   Thumb Code    24  speed_pos_fdbk.o(i.SPD_GetS16Speed)
    SPD_IsMecSpeedReliable                   0x08003595   Thumb Code    96  speed_pos_fdbk.o(i.SPD_IsMecSpeedReliable)
    STC_CalcTorqueReference                  0x080035f5   Thumb Code    90  speed_torq_ctrl.o(i.STC_CalcTorqueReference)
    STC_Clear                                0x0800364f   Thumb Code    20  speed_torq_ctrl.o(i.STC_Clear)
    STC_ExecRamp                             0x08003663   Thumb Code   158  speed_torq_ctrl.o(i.STC_ExecRamp)
    STC_ForceSpeedReferenceToCurrentSpeed    0x08003701   Thumb Code    16  speed_torq_ctrl.o(i.STC_ForceSpeedReferenceToCurrentSpeed)
    STC_GetDefaultIqdref                     0x08003711   Thumb Code    14  speed_torq_ctrl.o(i.STC_GetDefaultIqdref)
    STC_GetMaxAppPositiveMecSpeedUnit        0x0800371f   Thumb Code     4  speed_torq_ctrl.o(i.STC_GetMaxAppPositiveMecSpeedUnit)
    STC_GetMecSpeedRefUnit                   0x08003723   Thumb Code    12  speed_torq_ctrl.o(i.STC_GetMecSpeedRefUnit)
    STC_GetMecSpeedRefUnitDefault            0x0800372f   Thumb Code     8  speed_torq_ctrl.o(i.STC_GetMecSpeedRefUnitDefault)
    STC_GetMinAppNegativeMecSpeedUnit        0x08003737   Thumb Code     8  speed_torq_ctrl.o(i.STC_GetMinAppNegativeMecSpeedUnit)
    STC_GetSpeedSensor                       0x0800373f   Thumb Code     4  speed_torq_ctrl.o(i.STC_GetSpeedSensor)
    STC_GetTorqueRef                         0x08003743   Thumb Code    12  speed_torq_ctrl.o(i.STC_GetTorqueRef)
    STC_Init                                 0x0800374f   Thumb Code    32  speed_torq_ctrl.o(i.STC_Init)
    STC_SetControlMode                       0x0800376f   Thumb Code     8  speed_torq_ctrl.o(i.STC_SetControlMode)
    STC_SetSpeedSensor                       0x08003777   Thumb Code     4  speed_torq_ctrl.o(i.STC_SetSpeedSensor)
    STC_StopRamp                             0x0800377b   Thumb Code     8  speed_torq_ctrl.o(i.STC_StopRamp)
    STM_FaultAcknowledged                    0x08003783   Thumb Code    22  state_machine.o(i.STM_FaultAcknowledged)
    STM_FaultProcessing                      0x08003799   Thumb Code    50  state_machine.o(i.STM_FaultProcessing)
    STM_GetFaultState                        0x080037cb   Thumb Code    10  state_machine.o(i.STM_GetFaultState)
    STM_GetState                             0x080037d5   Thumb Code     4  state_machine.o(i.STM_GetState)
    STM_Init                                 0x080037d9   Thumb Code    10  state_machine.o(i.STM_Init)
    STM_NextState                            0x080037e3   Thumb Code   272  state_machine.o(i.STM_NextState)
    STO_GetPLLGains                          0x080038f3   Thumb Code    26  sto_pll_speed_pos_fdbk.o(i.STO_GetPLLGains)
    STO_OTF_ResetPLL                         0x0800390d   Thumb Code    14  sto_pll_speed_pos_fdbk.o(i.STO_OTF_ResetPLL)
    STO_PLL_CalcAvrgElSpeedDpp               0x0800391b   Thumb Code    76  sto_pll_speed_pos_fdbk.o(i.STO_PLL_CalcAvrgElSpeedDpp)
    STO_PLL_CalcAvrgMecSpeedUnit             0x08003967   Thumb Code   348  sto_pll_speed_pos_fdbk.o(i.STO_PLL_CalcAvrgMecSpeedUnit)
    STO_PLL_CalcElAngle                      0x08003ac3   Thumb Code   468  sto_pll_speed_pos_fdbk.o(i.STO_PLL_CalcElAngle)
    STO_PLL_Clear                            0x08003c97   Thumb Code   114  sto_pll_speed_pos_fdbk.o(i.STO_PLL_Clear)
    STO_PLL_ForceConvergency1                0x08003d09   Thumb Code    12  sto_pll_speed_pos_fdbk.o(i.STO_PLL_ForceConvergency1)
    STO_PLL_ForceConvergency2                0x08003d15   Thumb Code    12  sto_pll_speed_pos_fdbk.o(i.STO_PLL_ForceConvergency2)
    STO_PLL_GetEstimatedBemf                 0x08003d21   Thumb Code    16  sto_pll_speed_pos_fdbk.o(i.STO_PLL_GetEstimatedBemf)
    STO_PLL_GetEstimatedBemfLevel            0x08003d31   Thumb Code     8  sto_pll_speed_pos_fdbk.o(i.STO_PLL_GetEstimatedBemfLevel)
    STO_PLL_GetEstimatedCurrent              0x08003d39   Thumb Code    24  sto_pll_speed_pos_fdbk.o(i.STO_PLL_GetEstimatedCurrent)
    STO_PLL_GetObservedBemfLevel             0x08003d51   Thumb Code     6  sto_pll_speed_pos_fdbk.o(i.STO_PLL_GetObservedBemfLevel)
    STO_PLL_GetObserverGains                 0x08003d57   Thumb Code    10  sto_pll_speed_pos_fdbk.o(i.STO_PLL_GetObserverGains)
    STO_PLL_Init                             0x08003d61   Thumb Code    92  sto_pll_speed_pos_fdbk.o(i.STO_PLL_Init)
    STO_PLL_IsObserverConverged              0x08003dc5   Thumb Code   148  sto_pll_speed_pos_fdbk.o(i.STO_PLL_IsObserverConverged)
    STO_PLL_IsVarianceTight                  0x08003e59   Thumb Code     8  sto_pll_speed_pos_fdbk.o(i.STO_PLL_IsVarianceTight)
    STO_PLL_SetObserverGains                 0x08003e61   Thumb Code     6  sto_pll_speed_pos_fdbk.o(i.STO_PLL_SetObserverGains)
    STO_ResetPLL                             0x08003e67   Thumb Code    12  sto_pll_speed_pos_fdbk.o(i.STO_ResetPLL)
    STO_SetPLLGains                          0x08003e73   Thumb Code    22  sto_pll_speed_pos_fdbk.o(i.STO_SetPLLGains)
    SysTick_Handler                          0x08003e89   Thumb Code    34  stm32f0xx_mc_it.o(i.SysTick_Handler)
    SystemInit                               0x08003eb1   Thumb Code     2  system_stm32f0xx.o(i.SystemInit)
    TIM1_BRK_UP_TRG_COM_IRQHandler           0x08003eb5   Thumb Code    68  stm32f0xx_mc_it.o(i.TIM1_BRK_UP_TRG_COM_IRQHandler)
    TIM_Base_SetConfig                       0x08003efd   Thumb Code   114  stm32f0xx_hal_tim.o(i.TIM_Base_SetConfig)
    TIM_OC2_SetConfig                        0x08004015   Thumb Code   112  stm32f0xx_hal_tim.o(i.TIM_OC2_SetConfig)
    TSK_ChargeBootCapDelayHasElapsedM1       0x08004095   Thumb Code    14  mc_tasks.o(i.TSK_ChargeBootCapDelayHasElapsedM1)
    TSK_HardwareFaultTask                    0x080040a9   Thumb Code    22  mc_tasks.o(i.TSK_HardwareFaultTask)
    TSK_HighFrequencyTask                    0x080040c9   Thumb Code   350  mc_tasks.o(i.TSK_HighFrequencyTask)
    TSK_MediumFrequencyTaskM1                0x08004259   Thumb Code   628  mc_tasks.o(i.TSK_MediumFrequencyTaskM1)
    TSK_SafetyTask                           0x080044fd   Thumb Code    24  mc_tasks.o(i.TSK_SafetyTask)
    TSK_SafetyTask_PWMOFF                    0x08004519   Thumb Code   130  mc_tasks.o(i.TSK_SafetyTask_PWMOFF)
    TSK_SetChargeBootCapDelayM1              0x080045b5   Thumb Code     6  mc_tasks.o(i.TSK_SetChargeBootCapDelayM1)
    TSK_SetStopPermanencyTimeM1              0x080045c1   Thumb Code     6  mc_tasks.o(i.TSK_SetStopPermanencyTimeM1)
    TSK_StopPermanencyTimeHasElapsedM1       0x080045cd   Thumb Code    14  mc_tasks.o(i.TSK_StopPermanencyTimeHasElapsedM1)
    UART_AdvFeatureConfig                    0x080045e1   Thumb Code   204  stm32f0xx_hal_uart.o(i.UART_AdvFeatureConfig)
    UART_CheckIdleState                      0x080046ad   Thumb Code    90  stm32f0xx_hal_uart.o(i.UART_CheckIdleState)
    UART_SetConfig                           0x0800470d   Thumb Code   380  stm32f0xx_hal_uart.o(i.UART_SetConfig)
    UART_WaitOnFlagUntilTimeout              0x080048b9   Thumb Code   190  stm32f0xx_hal_uart.o(i.UART_WaitOnFlagUntilTimeout)
    UFCP_AbortReceive                        0x08004977   Thumb Code    10  usart_frame_communication_protocol.o(i.UFCP_AbortReceive)
    UFCP_Init                                0x08004981   Thumb Code     8  usart_frame_communication_protocol.o(i.UFCP_Init)
    UFCP_OVR_IRQ_Handler                     0x08004989   Thumb Code    18  usart_frame_communication_protocol.o(i.UFCP_OVR_IRQ_Handler)
    UFCP_RX_IRQ_Handler                      0x0800499d   Thumb Code   152  usart_frame_communication_protocol.o(i.UFCP_RX_IRQ_Handler)
    UFCP_Receive                             0x08004a41   Thumb Code    36  usart_frame_communication_protocol.o(i.UFCP_Receive)
    UFCP_Send                                0x08004a65   Thumb Code    88  usart_frame_communication_protocol.o(i.UFCP_Send)
    UFCP_TX_IRQ_Handler                      0x08004abd   Thumb Code    98  usart_frame_communication_protocol.o(i.UFCP_TX_IRQ_Handler)
    UI_ExecCmd                               0x08004b1f   Thumb Code   116  user_interface.o(i.UI_ExecCmd)
    UI_ExecSpeedRamp                         0x08004b93   Thumb Code    38  user_interface.o(i.UI_ExecSpeedRamp)
    UI_ExecTorqueRamp                        0x08004bb9   Thumb Code    18  user_interface.o(i.UI_ExecTorqueRamp)
    UI_GetMPInfo                             0x08004bcb   Thumb Code     4  user_interface.o(i.UI_GetMPInfo)
    UI_GetReg                                0x08004bd1   Thumb Code  1112  user_interface.o(i.UI_GetReg)
    UI_GetRevupData                          0x0800502d   Thumb Code    66  user_interface.o(i.UI_GetRevupData)
    UI_GetSelectedMC                         0x0800506f   Thumb Code     4  user_interface.o(i.UI_GetSelectedMC)
    UI_HandleStartStopButton_cb              0x08005073   Thumb Code    22  ui_task.o(i.UI_HandleStartStopButton_cb)
    UI_Init                                  0x08005089   Thumb Code    20  user_interface.o(i.UI_Init)
    UI_Scheduler                             0x0800509d   Thumb Code    40  ui_task.o(i.UI_Scheduler)
    UI_SelectMC                              0x080050c9   Thumb Code    18  user_interface.o(i.UI_SelectMC)
    UI_SerialCommunicationTimeOutStart       0x080050dd   Thumb Code     8  ui_task.o(i.UI_SerialCommunicationTimeOutStart)
    UI_SerialCommunicationTimeOutStop        0x080050e9   Thumb Code     8  ui_task.o(i.UI_SerialCommunicationTimeOutStop)
    UI_SetCurrentReferences                  0x080050f5   Thumb Code    22  user_interface.o(i.UI_SetCurrentReferences)
    UI_SetReg                                0x0800510b   Thumb Code   576  user_interface.o(i.UI_SetReg)
    UI_SetRevupData                          0x0800534b   Thumb Code    50  user_interface.o(i.UI_SetRevupData)
    UI_TaskInit                              0x0800537d   Thumb Code    70  ui_task.o(i.UI_TaskInit)
    USART1_IRQHandler                        0x080053e1   Thumb Code    90  stm32f0xx_mc_it.o(i.USART1_IRQHandler)
    VBS_GetAvBusVoltage_V                    0x08005445   Thumb Code    10  bus_voltage_sensor.o(i.VBS_GetAvBusVoltage_V)
    VBS_GetAvBusVoltage_d                    0x0800544f   Thumb Code     4  bus_voltage_sensor.o(i.VBS_GetAvBusVoltage_d)
    VSS_CalcAvrgMecSpeedUnit                 0x08005453   Thumb Code   132  virtual_speed_sensor.o(i.VSS_CalcAvrgMecSpeedUnit)
    VSS_CalcElAngle                          0x080054d7   Thumb Code   180  virtual_speed_sensor.o(i.VSS_CalcElAngle)
    VSS_Clear                                0x0800558b   Thumb Code    70  virtual_speed_sensor.o(i.VSS_Clear)
    VSS_Init                                 0x080055d1   Thumb Code    18  virtual_speed_sensor.o(i.VSS_Init)
    VSS_SetMecAcceleration                   0x080055e3   Thumb Code   128  virtual_speed_sensor.o(i.VSS_SetMecAcceleration)
    VSS_SetMecAngle                          0x08005663   Thumb Code    22  virtual_speed_sensor.o(i.VSS_SetMecAngle)
    VSS_SetStartTransition                   0x08005679   Thumb Code    36  virtual_speed_sensor.o(i.VSS_SetStartTransition)
    VSS_TransitionEnded                      0x0800569d   Thumb Code     6  virtual_speed_sensor.o(i.VSS_TransitionEnded)
    __ARM_common_ll_muluu                    0x080056a3   Thumb Code    50  stm32f0xx_hal_rcc.o(i.__ARM_common_ll_muluu)
    __scatterload_copy                       0x080056d5   Thumb Code    14  handlers.o(i.__scatterload_copy)
    __scatterload_null                       0x080056e3   Thumb Code     2  handlers.o(i.__scatterload_null)
    __scatterload_zeroinit                   0x080056e5   Thumb Code    14  handlers.o(i.__scatterload_zeroinit)
    getScalingFactor                         0x080056f3   Thumb Code    42  ramp_ext_mngr.o(i.getScalingFactor)
    main                                     0x0800571d   Thumb Code   702  main.o(i.main)
    mc_lock_pins                             0x08005a0d   Thumb Code   178  mc_tasks.o(i.mc_lock_pins)
    waitForPolarizationEnd                   0x08005ad5   Thumb Code    84  pwm_common.o(i.waitForPolarizationEnd)
    s_fwVer                                  0x08005b28   Data          32  motorcontrol.o(.constdata)
    hSin_Cos_Table                           0x08005b4a   Data         512  mc_math.o(.constdata)
    R3_1_Params                              0x08005d4c   Data         116  mc_parameters.o(.constdata)
    AHBPrescTable                            0x08005dc0   Data          16  system_stm32f0xx.o(.constdata)
    APBPrescTable                            0x08005dd0   Data           8  system_stm32f0xx.o(.constdata)
    Region$$Table$$Base                      0x08005df4   Number         0  anon$$obj.o(Region$$Table)
    Region$$Table$$Limit                     0x08005e14   Number         0  anon$$obj.o(Region$$Table)
    wConfig                                  0x20000000   Data           4  motorcontrol.o(.data)
    pMCI                                     0x20000004   Data           4  motorcontrol.o(.data)
    pMCT                                     0x20000008   Data           4  motorcontrol.o(.data)
    MPInfo                                   0x2000000c   Data           8  motor_control_protocol.o(.data)
    PQD_MotorPowMeasM1                       0x20000014   Data         276  mc_config.o(.data)
    PIDSpeedHandle_M1                        0x20000128   Data          44  mc_config.o(.data)
    PIDIqHandle_M1                           0x20000154   Data          44  mc_config.o(.data)
    PIDIdHandle_M1                           0x20000180   Data          44  mc_config.o(.data)
    SpeednTorqCtrlM1                         0x200001ac   Data          52  mc_config.o(.data)
    RevUpControlM1                           0x200001e0   Data         120  mc_config.o(.data)
    PWM_Handle_M1                            0x20000258   Data         124  mc_config.o(.data)
    VirtualSpeedSensorM1                     0x200002d4   Data         120  mc_config.o(.data)
    STO_PLL_M1                               0x2000034c   Data         296  mc_config.o(.data)
    STO_M1                                   0x20000474   Data          20  mc_config.o(.data)
    TempSensorParamsM1                       0x20000488   Data          40  mc_config.o(.data)
    RealBusVoltageSensorParamsM1             0x200004b0   Data          40  mc_config.o(.data)
    RampExtMngrHFParamsM1                    0x200004d8   Data          88  mc_config.o(.data)
    CircleLimitationM1                       0x20000530   Data         180  mc_config.o(.data)
    pUSART                                   0x200005e4   Data         316  mc_config.o(.data)
    bMCBootCompleted                         0x20000720   Data           1  mc_tasks.o(.data)
    oMCInterface                             0x20000728   Data           4  mc_tasks.o(.data)
    pSTC                                     0x2000072c   Data           4  mc_tasks.o(.data)
    pPIDSpeed                                0x20000730   Data           4  mc_tasks.o(.data)
    pPIDIq                                   0x20000734   Data           4  mc_tasks.o(.data)
    pPIDId                                   0x20000738   Data           4  mc_tasks.o(.data)
    pBusSensorM1                             0x2000073c   Data           4  mc_tasks.o(.data)
    pTemperatureSensor                       0x20000740   Data           4  mc_tasks.o(.data)
    pwmcHandle                               0x20000744   Data           4  mc_tasks.o(.data)
    pMPM                                     0x20000748   Data           4  mc_tasks.o(.data)
    pCLM                                     0x2000074c   Data           4  mc_tasks.o(.data)
    pREMNG                                   0x20000750   Data           4  mc_tasks.o(.data)
    STM                                      0x20000754   Data           6  mc_tasks.o(.data)
    RCM_currentHandle                        0x2000075a   Data           1  regular_conversion_manager.o(.data)
    RCM_UserConvHandle                       0x2000075b   Data           1  regular_conversion_manager.o(.data)
    RCM_UserConvState                        0x2000075c   Data           1  regular_conversion_manager.o(.data)
    RCM_UserConvValue                        0x2000075e   Data           2  regular_conversion_manager.o(.data)
    pMCP                                     0x2000076c   Data           4  ui_task.o(.data)
    uwTickFreq                               0x20000770   Data           1  stm32f0xx_hal.o(.data)
    uwTickPrio                               0x20000774   Data           4  stm32f0xx_hal.o(.data)
    uwTick                                   0x20000778   Data           4  stm32f0xx_hal.o(.data)
    SystemCoreClock                          0x2000077c   Data           4  system_stm32f0xx.o(.data)
    hadc                                     0x20000780   Data          64  main.o(.bss)
    htim1                                    0x200007c0   Data          64  main.o(.bss)
    huart1                                   0x20000800   Data         128  main.o(.bss)
    hdma_adc                                 0x20000880   Data          68  main.o(.bss)
    UI_Params                                0x200008c4   Data          24  mc_config.o(.bss)
    RealBusVoltageSensorFilterBufferM1       0x200008dc   Data          20  mc_config.o(.bss)
    FOCVars                                  0x200008f0   Data          38  mc_tasks.o(.bss)
    Mci                                      0x20000918   Data          28  mc_tasks.o(.bss)
    MCT                                      0x20000934   Data          84  mc_tasks.o(.bss)
    RCM_handle_array                         0x20000988   Data          16  regular_conversion_manager.o(.bss)
    RCM_CB_array                             0x20000998   Data          32  regular_conversion_manager.o(.bss)
    RCM_NoInj_array                          0x200009b8   Data          24  regular_conversion_manager.o(.bss)
    MCP_UI_Params                            0x200009d0   Data         176  ui_task.o(.bss)
    __initial_sp                             0x20000e80   Data           0  startup_stm32f030xc.o(STACK)



==============================================================================

Memory Map of the image

  Image Entry point : 0x080000b9

  Load Region LR_IROM1 (Base: 0x08000000, Size: 0x00006594, Max: 0x00040000, ABSOLUTE, COMPRESSED[0x00006018])

    Execution Region ER_IROM1 (Exec base: 0x08000000, Load base: 0x08000000, Size: 0x00005e14, Max: 0x00040000, ABSOLUTE)

    Exec Addr    Load Addr    Size         Type   Attr      Idx    E Section Name        Object

    0x08000000   0x08000000   0x000000b8   Data   RO            3    RESET               startup_stm32f030xc.o
    0x080000b8   0x080000b8   0x00000000   Code   RO         5866  * .ARM.Collect$$$$00000000  mc_p.l(entry.o)
    0x080000b8   0x080000b8   0x00000004   Code   RO         5877    .ARM.Collect$$$$00000001  mc_p.l(entry2.o)
    0x080000bc   0x080000bc   0x00000004   Code   RO         5880    .ARM.Collect$$$$00000004  mc_p.l(entry5.o)
    0x080000c0   0x080000c0   0x00000000   Code   RO         5882    .ARM.Collect$$$$00000008  mc_p.l(entry7b.o)
    0x080000c0   0x080000c0   0x00000000   Code   RO         5884    .ARM.Collect$$$$0000000A  mc_p.l(entry8b.o)
    0x080000c0   0x080000c0   0x00000008   Code   RO         5885    .ARM.Collect$$$$0000000B  mc_p.l(entry9a.o)
    0x080000c8   0x080000c8   0x00000004   Code   RO         5892    .ARM.Collect$$$$0000000E  mc_p.l(entry12b.o)
    0x080000cc   0x080000cc   0x00000000   Code   RO         5887    .ARM.Collect$$$$0000000F  mc_p.l(entry10a.o)
    0x080000cc   0x080000cc   0x00000000   Code   RO         5889    .ARM.Collect$$$$00000011  mc_p.l(entry11a.o)
    0x080000cc   0x080000cc   0x00000004   Code   RO         5878    .ARM.Collect$$$$00002712  mc_p.l(entry2.o)
    0x080000d0   0x080000d0   0x0000001c   Code   RO            4    .text               startup_stm32f030xc.o
    0x080000ec   0x080000ec   0x0000002c   Code   RO         5869    .text               mc_p.l(uidiv.o)
    0x08000118   0x08000118   0x00000028   Code   RO         5871    .text               mc_p.l(idiv.o)
    0x08000140   0x08000140   0x00000060   Code   RO         5873    .text               mc_p.l(uldiv.o)
    0x080001a0   0x080001a0   0x00000022   Code   RO         5875    .text               mc_p.l(llushr.o)
    0x080001c2   0x080001c2   0x00000020   Code   RO         5893    .text               mc_p.l(llshl.o)
    0x080001e2   0x080001e2   0x00000002   PAD
    0x080001e4   0x080001e4   0x00000024   Code   RO         5895    .text               mc_p.l(init.o)
    0x08000208   0x08000208   0x00000056   Code   RO         5905    .text               mc_p.l(__dczerorl2.o)
    0x0800025e   0x0800025e   0x0000004c   Code   RO         4327    i.Circle_Limitation  circle_limitation.o
    0x080002aa   0x080002aa   0x00000002   PAD
    0x080002ac   0x080002ac   0x00000014   Code   RO         1170    i.DMA1_Channel1_IRQHandler  stm32f0xx_mc_it.o
    0x080002c0   0x080002c0   0x00000018   Code   RO         1171    i.DMA1_Channel4_5_IRQHandler  stm32f0xx_mc_it.o
    0x080002d8   0x080002d8   0x0000001c   Code   RO         1172    i.EXTI4_15_IRQHandler  stm32f0xx_mc_it.o
    0x080002f4   0x080002f4   0x00000004   Code   RO           12    i.Error_Handler     main.o
    0x080002f8   0x080002f8   0x0000002a   Code   RO         5605    i.F0XX_BRK_IRQHandler  r3_f0xx_pwm_curr_fdbk.o
    0x08000322   0x08000322   0x00000030   Code   RO         5723    i.FCP_CalcCRC       frame_communication_protocol.o
    0x08000352   0x08000352   0x00000022   Code   RO         5724    i.FCP_Init          frame_communication_protocol.o
    0x08000374   0x08000374   0x00000010   Code   RO         5726    i.FCP_SetClient     frame_communication_protocol.o
    0x08000384   0x08000384   0x00000122   Code   RO         4376    i.FD_FastDiv        fast_div.o
    0x080004a6   0x080004a6   0x0000001c   Code   RO         4377    i.FD_Init           fast_div.o
    0x080004c2   0x080004c2   0x00000002   PAD
    0x080004c4   0x080004c4   0x0000002c   Code   RO          671    i.FOC_CalcCurrRef   mc_tasks.o
    0x080004f0   0x080004f0   0x00000064   Code   RO          672    i.FOC_Clear         mc_tasks.o
    0x08000554   0x08000554   0x00000002   Code   RO          673    i.FOC_InitAdditionalMethods  mc_tasks.o
    0x08000556   0x08000556   0x00000002   PAD
    0x08000558   0x08000558   0x00000154   Code   RO         1508    i.HAL_ADC_ConfigChannel  stm32f0xx_hal_adc.o
    0x080006ac   0x080006ac   0x00000178   Code   RO         1517    i.HAL_ADC_Init      stm32f0xx_hal_adc.o
    0x08000824   0x08000824   0x000000a4   Code   RO         1439    i.HAL_ADC_MspInit   stm32f0xx_hal_msp.o
    0x080008c8   0x080008c8   0x00000068   Code   RO         2504    i.HAL_DMA_Init      stm32f0xx_hal_dma.o
    0x08000930   0x08000930   0x00000158   Code   RO         2439    i.HAL_GPIO_Init     stm32f0xx_hal_gpio.o
    0x08000a88   0x08000a88   0x0000000c   Code   RO         1831    i.HAL_GetTick       stm32f0xx_hal.o
    0x08000a94   0x08000a94   0x00000010   Code   RO         1837    i.HAL_IncTick       stm32f0xx_hal.o
    0x08000aa4   0x08000aa4   0x00000020   Code   RO         1838    i.HAL_Init          stm32f0xx_hal.o
    0x08000ac4   0x08000ac4   0x00000044   Code   RO         1839    i.HAL_InitTick      stm32f0xx_hal.o
    0x08000b08   0x08000b08   0x00000028   Code   RO         1440    i.HAL_MspInit       stm32f0xx_hal_msp.o
    0x08000b30   0x08000b30   0x00000018   Code   RO         2586    i.HAL_NVIC_EnableIRQ  stm32f0xx_hal_cortex.o
    0x08000b48   0x08000b48   0x00000044   Code   RO         2590    i.HAL_NVIC_SetPriority  stm32f0xx_hal_cortex.o
    0x08000b8c   0x08000b8c   0x000000fc   Code   RO         1792    i.HAL_RCCEx_PeriphCLKConfig  stm32f0xx_hal_rcc_ex.o
    0x08000c88   0x08000c88   0x0000011c   Code   RO         1698    i.HAL_RCC_ClockConfig  stm32f0xx_hal_rcc.o
    0x08000da4   0x08000da4   0x00000014   Code   RO         1701    i.HAL_RCC_EnableCSS  stm32f0xx_hal_rcc.o
    0x08000db8   0x08000db8   0x0000000c   Code   RO         1703    i.HAL_RCC_GetHCLKFreq  stm32f0xx_hal_rcc.o
    0x08000dc4   0x08000dc4   0x00000020   Code   RO         1705    i.HAL_RCC_GetPCLK1Freq  stm32f0xx_hal_rcc.o
    0x08000de4   0x08000de4   0x00000078   Code   RO         1706    i.HAL_RCC_GetSysClockFreq  stm32f0xx_hal_rcc.o
    0x08000e5c   0x08000e5c   0x000003e4   Code   RO         1709    i.HAL_RCC_OscConfig  stm32f0xx_hal_rcc.o
    0x08001240   0x08001240   0x00000002   Code   RO         2593    i.HAL_SYSTICK_Callback  stm32f0xx_hal_cortex.o
    0x08001242   0x08001242   0x00000002   PAD
    0x08001244   0x08001244   0x0000003c   Code   RO         2594    i.HAL_SYSTICK_Config  stm32f0xx_hal_cortex.o
    0x08001280   0x08001280   0x00000008   Code   RO         2595    i.HAL_SYSTICK_IRQHandler  stm32f0xx_hal_cortex.o
    0x08001288   0x08001288   0x0000005e   Code   RO         3642    i.HAL_TIMEx_ConfigBreakDeadTime  stm32f0xx_hal_tim_ex.o
    0x080012e6   0x080012e6   0x00000002   PAD
    0x080012e8   0x080012e8   0x0000005c   Code   RO         3657    i.HAL_TIMEx_MasterConfigSynchronization  stm32f0xx_hal_tim_ex.o
    0x08001344   0x08001344   0x0000007c   Code   RO         1441    i.HAL_TIM_MspPostInit  stm32f0xx_hal_msp.o
    0x080013c0   0x080013c0   0x000001a8   Code   RO         3056    i.HAL_TIM_PWM_ConfigChannel  stm32f0xx_hal_tim.o
    0x08001568   0x08001568   0x00000032   Code   RO         3059    i.HAL_TIM_PWM_Init  stm32f0xx_hal_tim.o
    0x0800159a   0x0800159a   0x00000002   PAD
    0x0800159c   0x0800159c   0x0000005c   Code   RO         1443    i.HAL_TIM_PWM_MspInit  stm32f0xx_hal_msp.o
    0x080015f8   0x080015f8   0x0000006a   Code   RO         3907    i.HAL_UART_Init     stm32f0xx_hal_uart.o
    0x08001662   0x08001662   0x00000002   PAD
    0x08001664   0x08001664   0x00000058   Code   RO         1445    i.HAL_UART_MspInit  stm32f0xx_hal_msp.o
    0x080016bc   0x080016bc   0x00000064   Code   RO         1173    i.HardFault_Handler  stm32f0xx_mc_it.o
    0x08001720   0x08001720   0x00000014   Code   RO          946    i.MCI_Clear_Iqdref  mc_interface.o
    0x08001734   0x08001734   0x0000000c   Code   RO          947    i.MCI_EncoderAlign  mc_interface.o
    0x08001740   0x08001740   0x0000007a   Code   RO          948    i.MCI_ExecBufferedCommands  mc_interface.o
    0x080017ba   0x080017ba   0x0000000e   Code   RO          949    i.MCI_ExecSpeedRamp  mc_interface.o
    0x080017c8   0x080017c8   0x00000012   Code   RO          950    i.MCI_ExecTorqueRamp  mc_interface.o
    0x080017da   0x080017da   0x0000000a   Code   RO          951    i.MCI_FaultAcknowledged  mc_interface.o
    0x080017e4   0x080017e4   0x0000000e   Code   RO          952    i.MCI_GetAvrgMecSpeedUnit  mc_interface.o
    0x080017f2   0x080017f2   0x00000004   Code   RO          953    i.MCI_GetControlMode  mc_interface.o
    0x080017f6   0x080017f6   0x00000010   Code   RO          956    i.MCI_GetIab        mc_interface.o
    0x08001806   0x08001806   0x00000010   Code   RO          957    i.MCI_GetIalphabeta  mc_interface.o
    0x08001816   0x08001816   0x00000034   Code   RO          958    i.MCI_GetImposedMotorDirection  mc_interface.o
    0x0800184a   0x0800184a   0x00000010   Code   RO          959    i.MCI_GetIqd        mc_interface.o
    0x0800185a   0x0800185a   0x00000010   Code   RO          961    i.MCI_GetIqdref     mc_interface.o
    0x0800186a   0x0800186a   0x00000010   Code   RO          962    i.MCI_GetLastRampFinalSpeed  mc_interface.o
    0x0800187a   0x0800187a   0x0000000a   Code   RO          963    i.MCI_GetMecSpeedRefUnit  mc_interface.o
    0x08001884   0x08001884   0x0000000a   Code   RO          967    i.MCI_GetSTMState   mc_interface.o
    0x0800188e   0x0800188e   0x00000008   Code   RO          969    i.MCI_GetTeref      mc_interface.o
    0x08001896   0x08001896   0x00000010   Code   RO          970    i.MCI_GetValphabeta  mc_interface.o
    0x080018a6   0x080018a6   0x00000010   Code   RO          971    i.MCI_GetVqd        mc_interface.o
    0x080018b6   0x080018b6   0x00000014   Code   RO          972    i.MCI_Init          mc_interface.o
    0x080018ca   0x080018ca   0x00000014   Code   RO          975    i.MCI_SetCurrentReferences  mc_interface.o
    0x080018de   0x080018de   0x0000000a   Code   RO          976    i.MCI_SetIdref      mc_interface.o
    0x080018e8   0x080018e8   0x00000016   Code   RO          977    i.MCI_StartMotor    mc_interface.o
    0x080018fe   0x080018fe   0x0000000c   Code   RO          978    i.MCI_StopMotor     mc_interface.o
    0x0800190a   0x0800190a   0x0000000a   Code   RO          979    i.MCI_StopRamp      mc_interface.o
    0x08001914   0x08001914   0x0000004c   Code   RO          887    i.MCM_Clarke        mc_math.o
    0x08001960   0x08001960   0x00000080   Code   RO          888    i.MCM_Park          mc_math.o
    0x080019e0   0x080019e0   0x00000030   Code   RO          889    i.MCM_Rev_Park      mc_math.o
    0x08001a10   0x08001a10   0x000000a0   Code   RO          891    i.MCM_Trig_Functions  mc_math.o
    0x08001ab0   0x08001ab0   0x00000044   Code   RO          558    i.MCP_Init          motor_control_protocol.o
    0x08001af4   0x08001af4   0x00000008   Code   RO          559    i.MCP_OnTimeOut     motor_control_protocol.o
    0x08001afc   0x08001afc   0x00000680   Code   RO          560    i.MCP_ReceivedFrame  motor_control_protocol.o
    0x0800217c   0x0800217c   0x00000008   Code   RO          565    i.MCP_SentFrame     motor_control_protocol.o
    0x08002184   0x08002184   0x00000018   Code   RO          566    i.MCP_WaitNextFrame  motor_control_protocol.o
    0x0800219c   0x0800219c   0x00000010   Code   RO          374    i.MC_GetSTMStateMotor1  mc_api.o
    0x080021ac   0x080021ac   0x00000020   Code   RO          676    i.MC_RunMotorControlTasks  mc_tasks.o
    0x080021cc   0x080021cc   0x0000003c   Code   RO          677    i.MC_Scheduler      mc_tasks.o
    0x08002208   0x08002208   0x00000010   Code   RO          384    i.MC_StartMotor1    mc_api.o
    0x08002218   0x08002218   0x00000010   Code   RO          385    i.MC_StopMotor1     mc_api.o
    0x08002228   0x08002228   0x000001c4   Code   RO          678    i.MCboot            mc_tasks.o
    0x080023ec   0x080023ec   0x00000040   Code   RO         4402    i.MPM_CalcElMotorPower  motor_power_measurement.o
    0x0800242c   0x0800242c   0x0000001a   Code   RO         4403    i.MPM_Clear         motor_power_measurement.o
    0x08002446   0x08002446   0x00000008   Code   RO         4404    i.MPM_GetAvrgElMotorPowerW  motor_power_measurement.o
    0x0800244e   0x0800244e   0x00000002   PAD
    0x08002450   0x08002450   0x00000040   Code   RO          324    i.MX_MotorControl_Init  motorcontrol.o
    0x08002490   0x08002490   0x00000040   Code   RO         4440    i.NTC_CalcAvTemp    ntc_temperature_sensor.o
    0x080024d0   0x080024d0   0x00000006   Code   RO         4442    i.NTC_Clear         ntc_temperature_sensor.o
    0x080024d6   0x080024d6   0x00000026   Code   RO         4443    i.NTC_GetAvTemp_C   ntc_temperature_sensor.o
    0x080024fc   0x080024fc   0x00000026   Code   RO         4445    i.NTC_Init          ntc_temperature_sensor.o
    0x08002522   0x08002522   0x0000001a   Code   RO         4446    i.NTC_SetFaultState  ntc_temperature_sensor.o
    0x0800253c   0x0800253c   0x00000008   Code   RO         4543    i.PID_GetKD         pid_regulator.o
    0x08002544   0x08002544   0x00000008   Code   RO         4545    i.PID_GetKI         pid_regulator.o
    0x0800254c   0x0800254c   0x00000004   Code   RO         4546    i.PID_GetKIDivisor  pid_regulator.o
    0x08002550   0x08002550   0x00000008   Code   RO         4547    i.PID_GetKP         pid_regulator.o
    0x08002558   0x08002558   0x00000004   Code   RO         4548    i.PID_GetKPDivisor  pid_regulator.o
    0x0800255c   0x0800255c   0x00000014   Code   RO         4549    i.PID_HandleInit    pid_regulator.o
    0x08002570   0x08002570   0x00000004   Code   RO         4550    i.PID_SetIntegralTerm  pid_regulator.o
    0x08002574   0x08002574   0x00000004   Code   RO         4551    i.PID_SetKD         pid_regulator.o
    0x08002578   0x08002578   0x00000004   Code   RO         4553    i.PID_SetKI         pid_regulator.o
    0x0800257c   0x0800257c   0x00000004   Code   RO         4555    i.PID_SetKP         pid_regulator.o
    0x08002580   0x08002580   0x00000084   Code   RO         4562    i.PI_Controller     pid_regulator.o
    0x08002604   0x08002604   0x00000068   Code   RO         4692    i.PQD_CalcElMotorPower  pqd_motor_power_measurement.o
    0x0800266c   0x0800266c   0x00000004   Code   RO         4712    i.PWMC_CheckOverCurrent  pwm_curr_fdbk.o
    0x08002670   0x08002670   0x00000044   Code   RO         4713    i.PWMC_CurrentReadingCalibr  pwm_curr_fdbk.o
    0x080026b4   0x080026b4   0x00000004   Code   RO         4714    i.PWMC_GetPhaseCurrents  pwm_curr_fdbk.o
    0x080026b8   0x080026b8   0x0000018e   Code   RO         4732    i.PWMC_SetPhaseVoltage  pwm_curr_fdbk.o
    0x08002846   0x08002846   0x00000004   Code   RO         4733    i.PWMC_SwitchOffPWM  pwm_curr_fdbk.o
    0x0800284a   0x0800284a   0x00000002   PAD
    0x0800284c   0x0800284c   0x0000014c   Code   RO         5606    i.R3_1_CurrentReadingCalibration  r3_f0xx_pwm_curr_fdbk.o
    0x08002998   0x08002998   0x000000f8   Code   RO         5607    i.R3_1_GetPhaseCurrents  r3_f0xx_pwm_curr_fdbk.o
    0x08002a90   0x08002a90   0x0000004c   Code   RO         5608    i.R3_1_HFCurrentsCalibrationAB  r3_f0xx_pwm_curr_fdbk.o
    0x08002adc   0x08002adc   0x00000040   Code   RO         5609    i.R3_1_HFCurrentsCalibrationC  r3_f0xx_pwm_curr_fdbk.o
    0x08002b1c   0x08002b1c   0x0000011c   Code   RO         5610    i.R3_1_Init         r3_f0xx_pwm_curr_fdbk.o
    0x08002c38   0x08002c38   0x00000020   Code   RO         5611    i.R3_1_IsOverCurrentOccurred  r3_f0xx_pwm_curr_fdbk.o
    0x08002c58   0x08002c58   0x0000001e   Code   RO         5612    i.R3_1_SetADCSampPointCalibration  r3_f0xx_pwm_curr_fdbk.o
    0x08002c76   0x08002c76   0x00000056   Code   RO         5613    i.R3_1_SetADCSampPointSectX  r3_f0xx_pwm_curr_fdbk.o
    0x08002ccc   0x08002ccc   0x000000a0   Code   RO         5614    i.R3_1_SwitchOffPWM  r3_f0xx_pwm_curr_fdbk.o
    0x08002d6c   0x08002d6c   0x00000100   Code   RO         5615    i.R3_1_SwitchOnPWM  r3_f0xx_pwm_curr_fdbk.o
    0x08002e6c   0x08002e6c   0x00000084   Code   RO         5616    i.R3_1_TIMx_UP_IRQHandler  r3_f0xx_pwm_curr_fdbk.o
    0x08002ef0   0x08002ef0   0x0000004c   Code   RO         5617    i.R3_1_TurnOnLowSides  r3_f0xx_pwm_curr_fdbk.o
    0x08002f3c   0x08002f3c   0x0000002c   Code   RO         5618    i.R3_1_WriteTIMRegisters  r3_f0xx_pwm_curr_fdbk.o
    0x08002f68   0x08002f68   0x0000008c   Code   RO          806    i.RCM_ExecNextConv  regular_conversion_manager.o
    0x08002ff4   0x08002ff4   0x00000130   Code   RO          807    i.RCM_ExecRegularConv  regular_conversion_manager.o
    0x08003124   0x08003124   0x0000003c   Code   RO          808    i.RCM_ExecUserConv  regular_conversion_manager.o
    0x08003160   0x08003160   0x00000048   Code   RO          812    i.RCM_ReadOngoingConv  regular_conversion_manager.o
    0x080031a8   0x080031a8   0x00000090   Code   RO          813    i.RCM_RegisterRegConv  regular_conversion_manager.o
    0x08003238   0x08003238   0x0000002a   Code   RO         4937    i.REMNG_Calc        ramp_ext_mngr.o
    0x08003262   0x08003262   0x0000008e   Code   RO         4938    i.REMNG_ExecRamp    ramp_ext_mngr.o
    0x080032f0   0x080032f0   0x00000018   Code   RO         4940    i.REMNG_Init        ramp_ext_mngr.o
    0x08003308   0x08003308   0x0000000e   Code   RO         4941    i.REMNG_RampCompleted  ramp_ext_mngr.o
    0x08003316   0x08003316   0x00000082   Code   RO         4993    i.RUC_Clear         revup_ctrl.o
    0x08003398   0x08003398   0x00000066   Code   RO         4995    i.RUC_Exec          revup_ctrl.o
    0x080033fe   0x080033fe   0x00000012   Code   RO         4996    i.RUC_FirstAccelerationStageReached  revup_ctrl.o
    0x08003410   0x08003410   0x00000006   Code   RO         4997    i.RUC_GetNumberOfPhases  revup_ctrl.o
    0x08003416   0x08003416   0x0000000a   Code   RO         4998    i.RUC_GetPhaseDurationms  revup_ctrl.o
    0x08003420   0x08003420   0x0000000c   Code   RO         4999    i.RUC_GetPhaseFinalMecSpeedUnit  revup_ctrl.o
    0x0800342c   0x0800342c   0x0000000c   Code   RO         5000    i.RUC_GetPhaseFinalTorque  revup_ctrl.o
    0x08003438   0x08003438   0x00000048   Code   RO         5002    i.RUC_Init          revup_ctrl.o
    0x08003480   0x08003480   0x0000000a   Code   RO         5004    i.RUC_SetPhaseDurationms  revup_ctrl.o
    0x0800348a   0x0800348a   0x0000000a   Code   RO         5005    i.RUC_SetPhaseFinalMecSpeedUnit  revup_ctrl.o
    0x08003494   0x08003494   0x0000000a   Code   RO         5006    i.RUC_SetPhaseFinalTorque  revup_ctrl.o
    0x0800349e   0x0800349e   0x00000002   PAD
    0x080034a0   0x080034a0   0x00000064   Code   RO         4893    i.RVBS_CalcAvVbus   r_divider_bus_voltage_sensor.o
    0x08003504   0x08003504   0x0000001a   Code   RO         4895    i.RVBS_CheckFaultState  r_divider_bus_voltage_sensor.o
    0x0800351e   0x0800351e   0x00000030   Code   RO         4896    i.RVBS_Clear        r_divider_bus_voltage_sensor.o
    0x0800354e   0x0800354e   0x00000016   Code   RO         4897    i.RVBS_Init         r_divider_bus_voltage_sensor.o
    0x08003564   0x08003564   0x00000008   Code   RO         5098    i.SPD_GetAvrgMecSpeedUnit  speed_pos_fdbk.o
    0x0800356c   0x0800356c   0x00000008   Code   RO         5099    i.SPD_GetElAngle    speed_pos_fdbk.o
    0x08003574   0x08003574   0x00000008   Code   RO         5102    i.SPD_GetInstElSpeedDpp  speed_pos_fdbk.o
    0x0800357c   0x0800357c   0x00000018   Code   RO         5104    i.SPD_GetS16Speed   speed_pos_fdbk.o
    0x08003594   0x08003594   0x00000060   Code   RO         5105    i.SPD_IsMecSpeedReliable  speed_pos_fdbk.o
    0x080035f4   0x080035f4   0x0000005a   Code   RO         5171    i.STC_CalcTorqueReference  speed_torq_ctrl.o
    0x0800364e   0x0800364e   0x00000014   Code   RO         5172    i.STC_Clear         speed_torq_ctrl.o
    0x08003662   0x08003662   0x0000009e   Code   RO         5173    i.STC_ExecRamp      speed_torq_ctrl.o
    0x08003700   0x08003700   0x00000010   Code   RO         5174    i.STC_ForceSpeedReferenceToCurrentSpeed  speed_torq_ctrl.o
    0x08003710   0x08003710   0x0000000e   Code   RO         5176    i.STC_GetDefaultIqdref  speed_torq_ctrl.o
    0x0800371e   0x0800371e   0x00000004   Code   RO         5177    i.STC_GetMaxAppPositiveMecSpeedUnit  speed_torq_ctrl.o
    0x08003722   0x08003722   0x0000000c   Code   RO         5178    i.STC_GetMecSpeedRefUnit  speed_torq_ctrl.o
    0x0800372e   0x0800372e   0x00000008   Code   RO         5179    i.STC_GetMecSpeedRefUnitDefault  speed_torq_ctrl.o
    0x08003736   0x08003736   0x00000008   Code   RO         5180    i.STC_GetMinAppNegativeMecSpeedUnit  speed_torq_ctrl.o
    0x0800373e   0x0800373e   0x00000004   Code   RO         5181    i.STC_GetSpeedSensor  speed_torq_ctrl.o
    0x08003742   0x08003742   0x0000000c   Code   RO         5182    i.STC_GetTorqueRef  speed_torq_ctrl.o
    0x0800374e   0x0800374e   0x00000020   Code   RO         5183    i.STC_Init          speed_torq_ctrl.o
    0x0800376e   0x0800376e   0x00000008   Code   RO         5185    i.STC_SetControlMode  speed_torq_ctrl.o
    0x08003776   0x08003776   0x00000004   Code   RO         5187    i.STC_SetSpeedSensor  speed_torq_ctrl.o
    0x0800377a   0x0800377a   0x00000008   Code   RO         5188    i.STC_StopRamp      speed_torq_ctrl.o
    0x08003782   0x08003782   0x00000016   Code   RO         5299    i.STM_FaultAcknowledged  state_machine.o
    0x08003798   0x08003798   0x00000032   Code   RO         5300    i.STM_FaultProcessing  state_machine.o
    0x080037ca   0x080037ca   0x0000000a   Code   RO         5301    i.STM_GetFaultState  state_machine.o
    0x080037d4   0x080037d4   0x00000004   Code   RO         5302    i.STM_GetState      state_machine.o
    0x080037d8   0x080037d8   0x0000000a   Code   RO         5303    i.STM_Init          state_machine.o
    0x080037e2   0x080037e2   0x00000110   Code   RO         5304    i.STM_NextState     state_machine.o
    0x080038f2   0x080038f2   0x0000001a   Code   RO         5349    i.STO_GetPLLGains   sto_pll_speed_pos_fdbk.o
    0x0800390c   0x0800390c   0x0000000e   Code   RO         5350    i.STO_OTF_ResetPLL  sto_pll_speed_pos_fdbk.o
    0x0800391a   0x0800391a   0x0000004c   Code   RO         5352    i.STO_PLL_CalcAvrgElSpeedDpp  sto_pll_speed_pos_fdbk.o
    0x08003966   0x08003966   0x0000015c   Code   RO         5353    i.STO_PLL_CalcAvrgMecSpeedUnit  sto_pll_speed_pos_fdbk.o
    0x08003ac2   0x08003ac2   0x000001d4   Code   RO         5354    i.STO_PLL_CalcElAngle  sto_pll_speed_pos_fdbk.o
    0x08003c96   0x08003c96   0x00000072   Code   RO         5355    i.STO_PLL_Clear     sto_pll_speed_pos_fdbk.o
    0x08003d08   0x08003d08   0x0000000c   Code   RO         5356    i.STO_PLL_ForceConvergency1  sto_pll_speed_pos_fdbk.o
    0x08003d14   0x08003d14   0x0000000c   Code   RO         5357    i.STO_PLL_ForceConvergency2  sto_pll_speed_pos_fdbk.o
    0x08003d20   0x08003d20   0x00000010   Code   RO         5358    i.STO_PLL_GetEstimatedBemf  sto_pll_speed_pos_fdbk.o
    0x08003d30   0x08003d30   0x00000008   Code   RO         5359    i.STO_PLL_GetEstimatedBemfLevel  sto_pll_speed_pos_fdbk.o
    0x08003d38   0x08003d38   0x00000018   Code   RO         5360    i.STO_PLL_GetEstimatedCurrent  sto_pll_speed_pos_fdbk.o
    0x08003d50   0x08003d50   0x00000006   Code   RO         5361    i.STO_PLL_GetObservedBemfLevel  sto_pll_speed_pos_fdbk.o
    0x08003d56   0x08003d56   0x0000000a   Code   RO         5362    i.STO_PLL_GetObserverGains  sto_pll_speed_pos_fdbk.o
    0x08003d60   0x08003d60   0x00000064   Code   RO         5363    i.STO_PLL_Init      sto_pll_speed_pos_fdbk.o
    0x08003dc4   0x08003dc4   0x00000094   Code   RO         5365    i.STO_PLL_IsObserverConverged  sto_pll_speed_pos_fdbk.o
    0x08003e58   0x08003e58   0x00000008   Code   RO         5366    i.STO_PLL_IsVarianceTight  sto_pll_speed_pos_fdbk.o
    0x08003e60   0x08003e60   0x00000006   Code   RO         5369    i.STO_PLL_SetObserverGains  sto_pll_speed_pos_fdbk.o
    0x08003e66   0x08003e66   0x0000000c   Code   RO         5370    i.STO_ResetPLL      sto_pll_speed_pos_fdbk.o
    0x08003e72   0x08003e72   0x00000016   Code   RO         5373    i.STO_SetPLLGains   sto_pll_speed_pos_fdbk.o
    0x08003e88   0x08003e88   0x00000028   Code   RO         1174    i.SysTick_Handler   stm32f0xx_mc_it.o
    0x08003eb0   0x08003eb0   0x00000002   Code   RO         4256    i.SystemInit        system_stm32f0xx.o
    0x08003eb2   0x08003eb2   0x00000002   PAD
    0x08003eb4   0x08003eb4   0x00000048   Code   RO         1175    i.TIM1_BRK_UP_TRG_COM_IRQHandler  stm32f0xx_mc_it.o
    0x08003efc   0x08003efc   0x0000008c   Code   RO         3077    i.TIM_Base_SetConfig  stm32f0xx_hal_tim.o
    0x08003f88   0x08003f88   0x0000008c   Code   RO         3089    i.TIM_OC1_SetConfig  stm32f0xx_hal_tim.o
    0x08004014   0x08004014   0x00000080   Code   RO         3090    i.TIM_OC2_SetConfig  stm32f0xx_hal_tim.o
    0x08004094   0x08004094   0x00000014   Code   RO          679    i.TSK_ChargeBootCapDelayHasElapsedM1  mc_tasks.o
    0x080040a8   0x080040a8   0x00000020   Code   RO          680    i.TSK_HardwareFaultTask  mc_tasks.o
    0x080040c8   0x080040c8   0x00000190   Code   RO          681    i.TSK_HighFrequencyTask  mc_tasks.o
    0x08004258   0x08004258   0x000002a4   Code   RO          682    i.TSK_MediumFrequencyTaskM1  mc_tasks.o
    0x080044fc   0x080044fc   0x0000001c   Code   RO          683    i.TSK_SafetyTask    mc_tasks.o
    0x08004518   0x08004518   0x0000009c   Code   RO          684    i.TSK_SafetyTask_PWMOFF  mc_tasks.o
    0x080045b4   0x080045b4   0x0000000c   Code   RO          685    i.TSK_SetChargeBootCapDelayM1  mc_tasks.o
    0x080045c0   0x080045c0   0x0000000c   Code   RO          686    i.TSK_SetStopPermanencyTimeM1  mc_tasks.o
    0x080045cc   0x080045cc   0x00000014   Code   RO          687    i.TSK_StopPermanencyTimeHasElapsedM1  mc_tasks.o
    0x080045e0   0x080045e0   0x000000cc   Code   RO         3921    i.UART_AdvFeatureConfig  stm32f0xx_hal_uart.o
    0x080046ac   0x080046ac   0x00000060   Code   RO         3922    i.UART_CheckIdleState  stm32f0xx_hal_uart.o
    0x0800470c   0x0800470c   0x000001ac   Code   RO         3935    i.UART_SetConfig    stm32f0xx_hal_uart.o
    0x080048b8   0x080048b8   0x000000be   Code   RO         3938    i.UART_WaitOnFlagUntilTimeout  stm32f0xx_hal_uart.o
    0x08004976   0x08004976   0x0000000a   Code   RO         5795    i.UFCP_AbortReceive  usart_frame_communication_protocol.o
    0x08004980   0x08004980   0x00000008   Code   RO         5796    i.UFCP_Init         usart_frame_communication_protocol.o
    0x08004988   0x08004988   0x00000012   Code   RO         5797    i.UFCP_OVR_IRQ_Handler  usart_frame_communication_protocol.o
    0x0800499a   0x0800499a   0x00000002   PAD
    0x0800499c   0x0800499c   0x000000a4   Code   RO         5798    i.UFCP_RX_IRQ_Handler  usart_frame_communication_protocol.o
    0x08004a40   0x08004a40   0x00000024   Code   RO         5799    i.UFCP_Receive      usart_frame_communication_protocol.o
    0x08004a64   0x08004a64   0x00000058   Code   RO         5800    i.UFCP_Send         usart_frame_communication_protocol.o
    0x08004abc   0x08004abc   0x00000062   Code   RO         5802    i.UFCP_TX_IRQ_Handler  usart_frame_communication_protocol.o
    0x08004b1e   0x08004b1e   0x00000074   Code   RO         1329    i.UI_ExecCmd        user_interface.o
    0x08004b92   0x08004b92   0x00000026   Code   RO         1330    i.UI_ExecSpeedRamp  user_interface.o
    0x08004bb8   0x08004bb8   0x00000012   Code   RO         1331    i.UI_ExecTorqueRamp  user_interface.o
    0x08004bca   0x08004bca   0x00000004   Code   RO         1332    i.UI_GetMPInfo      user_interface.o
    0x08004bce   0x08004bce   0x00000002   PAD
    0x08004bd0   0x08004bd0   0x0000045c   Code   RO         1333    i.UI_GetReg         user_interface.o
    0x0800502c   0x0800502c   0x00000042   Code   RO         1334    i.UI_GetRevupData   user_interface.o
    0x0800506e   0x0800506e   0x00000004   Code   RO         1335    i.UI_GetSelectedMC  user_interface.o
    0x08005072   0x08005072   0x00000016   Code   RO         1252    i.UI_HandleStartStopButton_cb  ui_task.o
    0x08005088   0x08005088   0x00000014   Code   RO         1337    i.UI_Init           user_interface.o
    0x0800509c   0x0800509c   0x0000002c   Code   RO         1254    i.UI_Scheduler      ui_task.o
    0x080050c8   0x080050c8   0x00000012   Code   RO         1338    i.UI_SelectMC       user_interface.o
    0x080050da   0x080050da   0x00000002   PAD
    0x080050dc   0x080050dc   0x0000000c   Code   RO         1257    i.UI_SerialCommunicationTimeOutStart  ui_task.o
    0x080050e8   0x080050e8   0x0000000c   Code   RO         1258    i.UI_SerialCommunicationTimeOutStop  ui_task.o
    0x080050f4   0x080050f4   0x00000016   Code   RO         1339    i.UI_SetCurrentReferences  user_interface.o
    0x0800510a   0x0800510a   0x00000240   Code   RO         1340    i.UI_SetReg         user_interface.o
    0x0800534a   0x0800534a   0x00000032   Code   RO         1341    i.UI_SetRevupData   user_interface.o
    0x0800537c   0x0800537c   0x00000064   Code   RO         1260    i.UI_TaskInit       ui_task.o
    0x080053e0   0x080053e0   0x00000064   Code   RO         1176    i.USART1_IRQHandler  stm32f0xx_mc_it.o
    0x08005444   0x08005444   0x0000000a   Code   RO         4290    i.VBS_GetAvBusVoltage_V  bus_voltage_sensor.o
    0x0800544e   0x0800544e   0x00000004   Code   RO         4291    i.VBS_GetAvBusVoltage_d  bus_voltage_sensor.o
    0x08005452   0x08005452   0x00000084   Code   RO         5513    i.VSS_CalcAvrgMecSpeedUnit  virtual_speed_sensor.o
    0x080054d6   0x080054d6   0x000000b4   Code   RO         5514    i.VSS_CalcElAngle   virtual_speed_sensor.o
    0x0800558a   0x0800558a   0x00000046   Code   RO         5515    i.VSS_Clear         virtual_speed_sensor.o
    0x080055d0   0x080055d0   0x00000012   Code   RO         5517    i.VSS_Init          virtual_speed_sensor.o
    0x080055e2   0x080055e2   0x00000080   Code   RO         5522    i.VSS_SetMecAcceleration  virtual_speed_sensor.o
    0x08005662   0x08005662   0x00000016   Code   RO         5523    i.VSS_SetMecAngle   virtual_speed_sensor.o
    0x08005678   0x08005678   0x00000024   Code   RO         5524    i.VSS_SetStartTransition  virtual_speed_sensor.o
    0x0800569c   0x0800569c   0x00000006   Code   RO         5525    i.VSS_TransitionEnded  virtual_speed_sensor.o
    0x080056a2   0x080056a2   0x00000032   Code   RO         1782    i.__ARM_common_ll_muluu  stm32f0xx_hal_rcc.o
    0x080056d4   0x080056d4   0x0000000e   Code   RO         5899    i.__scatterload_copy  mc_p.l(handlers.o)
    0x080056e2   0x080056e2   0x00000002   Code   RO         5900    i.__scatterload_null  mc_p.l(handlers.o)
    0x080056e4   0x080056e4   0x0000000e   Code   RO         5901    i.__scatterload_zeroinit  mc_p.l(handlers.o)
    0x080056f2   0x080056f2   0x0000002a   Code   RO         4943    i.getScalingFactor  ramp_ext_mngr.o
    0x0800571c   0x0800571c   0x000002f0   Code   RO           14    i.main              main.o
    0x08005a0c   0x08005a0c   0x000000c8   Code   RO          688    i.mc_lock_pins      mc_tasks.o
    0x08005ad4   0x08005ad4   0x00000054   Code   RO         4870    i.waitForPolarizationEnd  pwm_common.o
    0x08005b28   0x08005b28   0x00000020   Data   RO          325    .constdata          motorcontrol.o
    0x08005b48   0x08005b48   0x00000002   Data   RO          690    .constdata          mc_tasks.o
    0x08005b4a   0x08005b4a   0x00000200   Data   RO          893    .constdata          mc_math.o
    0x08005d4a   0x08005d4a   0x00000002   PAD
    0x08005d4c   0x08005d4c   0x00000074   Data   RO         1233    .constdata          mc_parameters.o
    0x08005dc0   0x08005dc0   0x00000010   Data   RO         4257    .constdata          system_stm32f0xx.o
    0x08005dd0   0x08005dd0   0x00000008   Data   RO         4258    .constdata          system_stm32f0xx.o
    0x08005dd8   0x08005dd8   0x00000013   Data   RO         5619    .constdata          r3_f0xx_pwm_curr_fdbk.o
    0x08005deb   0x08005deb   0x00000001   PAD
    0x08005dec   0x08005dec   0x00000006   Data   RO         5803    .constdata          usart_frame_communication_protocol.o
    0x08005df2   0x08005df2   0x00000002   PAD
    0x08005df4   0x08005df4   0x00000020   Data   RO         5897    Region$$Table       anon$$obj.o


    Execution Region RW_IRAM1 (Exec base: 0x20000000, Load base: 0x08005e14, Size: 0x00000e80, Max: 0x00008000, ABSOLUTE, COMPRESSED[0x00000204])

    Exec Addr    Load Addr    Size         Type   Attr      Idx    E Section Name        Object

    0x20000000   COMPRESSED   0x0000000c   Data   RW          326    .data               motorcontrol.o
    0x2000000c   COMPRESSED   0x00000008   Data   RW          567    .data               motor_control_protocol.o
    0x20000014   COMPRESSED   0x00000114   Data   RW          631    .data               mc_config.o
    0x20000128   COMPRESSED   0x0000002c   Data   RW          633    .data               mc_config.o
    0x20000154   COMPRESSED   0x0000002c   Data   RW          634    .data               mc_config.o
    0x20000180   COMPRESSED   0x0000002c   Data   RW          635    .data               mc_config.o
    0x200001ac   COMPRESSED   0x00000034   Data   RW          636    .data               mc_config.o
    0x200001e0   COMPRESSED   0x00000078   Data   RW          637    .data               mc_config.o
    0x20000258   COMPRESSED   0x0000007c   Data   RW          638    .data               mc_config.o
    0x200002d4   COMPRESSED   0x00000078   Data   RW          639    .data               mc_config.o
    0x2000034c   COMPRESSED   0x00000128   Data   RW          640    .data               mc_config.o
    0x20000474   COMPRESSED   0x00000014   Data   RW          642    .data               mc_config.o
    0x20000488   COMPRESSED   0x00000028   Data   RW          643    .data               mc_config.o
    0x200004b0   COMPRESSED   0x00000028   Data   RW          644    .data               mc_config.o
    0x200004d8   COMPRESSED   0x00000058   Data   RW          645    .data               mc_config.o
    0x20000530   COMPRESSED   0x000000b4   Data   RW          646    .data               mc_config.o
    0x200005e4   COMPRESSED   0x0000013c   Data   RW          647    .data               mc_config.o
    0x20000720   COMPRESSED   0x0000003a   Data   RW          691    .data               mc_tasks.o
    0x2000075a   COMPRESSED   0x00000006   Data   RW          817    .data               regular_conversion_manager.o
    0x20000760   COMPRESSED   0x00000001   Data   RW         1177    .data               stm32f0xx_mc_it.o
    0x20000761   COMPRESSED   0x00000003   PAD
    0x20000764   COMPRESSED   0x0000000c   Data   RW         1262    .data               ui_task.o
    0x20000770   COMPRESSED   0x0000000c   Data   RW         1845    .data               stm32f0xx_hal.o
    0x2000077c   COMPRESSED   0x00000004   Data   RW         4259    .data               system_stm32f0xx.o
    0x20000780        -       0x00000100   Zero   RW           15    .bss                main.o
    0x20000880        -       0x00000044   Zero   RW           16    .bss                main.o
    0x200008c4        -       0x00000018   Zero   RW          629    .bss                mc_config.o
    0x200008dc        -       0x00000014   Zero   RW          630    .bss                mc_config.o
    0x200008f0        -       0x00000098   Zero   RW          689    .bss                mc_tasks.o
    0x20000988        -       0x00000048   Zero   RW          816    .bss                regular_conversion_manager.o
    0x200009d0        -       0x000000b0   Zero   RW         1261    .bss                ui_task.o
    0x20000a80        -       0x00000400   Zero   RW            1    STACK               startup_stm32f030xc.o


==============================================================================

Image component sizes


      Code (inc. data)   RO Data    RW Data    ZI Data      Debug   Object Name

        14          0          0          0          0       1540   bus_voltage_sensor.o
        76          0          0          0          0       1224   circle_limitation.o
         0          0          0          0          0       3868   digital_output.o
       318          0          0          0          0       3199   fast_div.o
        98          0          0          0          0       2537   frame_communication_protocol.o
       756         50          0          0        324     339355   main.o
        48         12          0          0          0       1260   mc_api.o
         0          0          0       1804         44       1639   mc_config.o
       500          0          0          0          0      12494   mc_interface.o
       412         34        512          0          0       5797   mc_math.o
         0          0        116          0          0        194   mc_parameters.o
      2246        364          2         58        152      16354   mc_tasks.o
      1772        634          0          8          0       5884   motor_control_protocol.o
        98          0          0          0          0       2322   motor_power_measurement.o
        64         16         32         12          0       1179   motorcontrol.o
       172          4          0          0          0       3510   ntc_temperature_sensor.o
       200         10          0          0          0       6873   pid_regulator.o
       104          0          0          0          0       1135   pqd_motor_power_measurement.o
        84          0          0          0          0      26201   pwm_common.o
       478          0          0          0          0       4347   pwm_curr_fdbk.o
      1862        174         19          0          0      91127   r3_f0xx_pwm_curr_fdbk.o
       196          6          0          0          0       3286   r_divider_bus_voltage_sensor.o
       264          0          0          0          0       4152   ramp_ext_mngr.o
       720         82          0          6         72      27629   regular_conversion_manager.o
       392          0          0          0          0       7372   revup_ctrl.o
       144          0          0          0          0       3678   speed_pos_fdbk.o
       398          0          0          0          0       9757   speed_torq_ctrl.o
        28          8        184          0       1024        592   startup_stm32f030xc.o
       368         22          0          0          0       4472   state_machine.o
       128         26          0         12          0       7197   stm32f0xx_hal.o
       716         32          0          0          0       2855   stm32f0xx_hal_adc.o
       162         28          0          0          0      10841   stm32f0xx_hal_cortex.o
       104         12          0          0          0       1147   stm32f0xx_hal_dma.o
       344         26          0          0          0       1520   stm32f0xx_hal_gpio.o
       508         60          0          0          0       3378   stm32f0xx_hal_msp.o
      1514        100          0          0          0       5451   stm32f0xx_hal_rcc.o
       252         14          0          0          0       1276   stm32f0xx_hal_rcc_ex.o
       882         78          0          0          0       5856   stm32f0xx_hal_tim.o
       186         12          0          0          0       1972   stm32f0xx_hal_tim_ex.o
      1024         54          0          0          0       4781   stm32f0xx_hal_uart.o
       384         46          0          1          0      20121   stm32f0xx_mc_it.o
      1430          8          0          0          0      15581   sto_pll_speed_pos_fdbk.o
         2          0         24          4          0        979   system_stm32f0xx.o
       190         42          0         12        176       3001   ui_task.o
       422         12          6          0          0      22838   usart_frame_communication_protocol.o
      2048         84          0          0          0      12760   user_interface.o
       592          0          0          0          0       6314   virtual_speed_sensor.o

    ----------------------------------------------------------------------
     22728       2050        932       1920       1792     720845   Object Totals
         0          0         32          0          0          0   (incl. Generated)
        28          0          5          3          0          0   (incl. Padding)

    ----------------------------------------------------------------------

      Code (inc. data)   RO Data    RW Data    ZI Data      Debug   Library Member Name

        86          0          0          0          0          0   __dczerorl2.o
         0          0          0          0          0          0   entry.o
         0          0          0          0          0          0   entry10a.o
         0          0          0          0          0          0   entry11a.o
         4          0          0          0          0          0   entry12b.o
         8          4          0          0          0          0   entry2.o
         4          0          0          0          0          0   entry5.o
         0          0          0          0          0          0   entry7b.o
         0          0          0          0          0          0   entry8b.o
         8          4          0          0          0          0   entry9a.o
        30          0          0          0          0          0   handlers.o
        40          0          0          0          0         72   idiv.o
        36          8          0          0          0         68   init.o
        32          0          0          0          0         68   llshl.o
        34          0          0          0          0         68   llushr.o
        44          0          0          0          0         72   uidiv.o
        96          0          0          0          0         84   uldiv.o

    ----------------------------------------------------------------------
       424         16          0          0          0        432   Library Totals
         2          0          0          0          0          0   (incl. Padding)

    ----------------------------------------------------------------------

      Code (inc. data)   RO Data    RW Data    ZI Data      Debug   Library Name

       422         16          0          0          0        432   mc_p.l

    ----------------------------------------------------------------------
       424         16          0          0          0        432   Library Totals

    ----------------------------------------------------------------------

==============================================================================


      Code (inc. data)   RO Data    RW Data    ZI Data      Debug   

     23152       2066        932       1920       1792     710457   Grand Totals
     23152       2066        932        516       1792     710457   ELF Image Totals (compressed)
     23152       2066        932        516          0          0   ROM Totals

==============================================================================

    Total RO  Size (Code + RO Data)                24084 (  23.52kB)
    Total RW  Size (RW Data + ZI Data)              3712 (   3.63kB)
    Total ROM Size (Code + RO Data + RW Data)      24600 (  24.02kB)

==============================================================================

